[Cï¿½ï¿½+Úšï¿½j%ï¿½(35) boot: chip revision: v3.1[ï¿½ets Jul 29 2019 12:21:46

rst:0x1 (POWERON_RESET),boot:0x13 (SPI_FAST_FLASH_BOOT)
configsip: 0, SPIWP:0xee
clk_drv:0x00,q_drv:0x00,d_drv:0x00,cs0_drv:0x00,hd_drv:0x00,wp_drv:0x00
mode:DIO, clock div:2
load:0x3fff0030,len:7080
load:0x40078000,len:15584
load:0x40080400,len:4
ho 8 tail 4 room 4
load:0x40080404,len:3876
entry 0x4008064c
[0;32mI (31) boot: ESP-IDF v5.1.2 2nd stage bootloader[0m
[0;32mI (31) boot: compile time May 18 2024 12:00:58[0m
[0;32mI (31) boot: Multicore bootloader[0m
[0;32mI (35) boot: chip revision: v3.1[0m
[0;32mI (39) boot.esp32: SPI Speed      : 40MHz[0m
[0;32mI (44) boot.esp32: SPI Mode       : DIO[0m
[0;32mI (48) boot.esp32: SPI Flash Size : 2MB[0m
[0;32mI (53) boot: Enabling RNG early entropy source...[0m
[0;32mI (58) boot: Partition Table:[0m
[0;32mI (62) boot: ## Label            Usage          Type ST Offset   Length[0m
[0;32mI (69) boot:  0 nvs              WiFi data        01 02 00009000 00006000[0m
[0;32mI (77) boot:  1 phy_init         RF data          01 01 0000f000 00001000[0m
[0;32mI (84) boot:  2 factory          factory app      00 00 00010000 00100000[0m
[0;32mI (92) boot: End of partition table[0m
[0;32mI (96) esp_image: segment 0: paddr=00010020 vaddr=3f400020 size=2bdech (179692) map[0m
[0;32mI (169) esp_image: segment 1: paddr=0003be14 vaddr=3ffbdb60 size=04204h ( 16900) load[0m
[0;32mI (176) esp_image: segment 2: paddr=00040020 vaddr=400d0020 size=a1f70h (663408) map[0m
[0;32mI (416) esp_image: segment 3: paddr=000e1f98 vaddr=3ffc1d64 size=00f54h (  3924) load[0m
[0;32mI (418) esp_image: segment 4: paddr=000e2ef4 vaddr=40080000 size=187f4h (100340) load[0m
[0;32mI (476) boot: Loaded app from partition at offset 0x10000[0m
[0;32mI (476) boot: Disabling RNG early entropy source...[0m
[0;32mI (487) cpu_start: Multicore app[0m
[0;32mI (488) cpu_start: Pro cpu up.[0m
[0;32mI (488) cpu_start: Starting app cpu, entry point is 0x4008137c[0m
[0;32mI (0) cpu_start: App cpu up.[0m
[0;32mI (506) cpu_start: Pro cpu start user code[0m
[0;32mI (506) cpu_start: cpu freq: 160000000 Hz[0m
[0;32mI (506) cpu_start: Application information:[0m
[0;32mI (510) cpu_start: Project name:     onoff_server_s3[0m
[0;32mI (516) cpu_start: App version:      a1d81d1-dirty[0m
[0;32mI (522) cpu_start: Compile time:     Jun  5 2024 11:50:27[0m
[0;32mI (528) cpu_start: ELF file SHA256:  a83209f2ad1e85f2...[0m
[0;32mI (534) cpu_start: ESP-IDF:          v5.1.2[0m
[0;32mI (538) cpu_start: Min chip rev:     v0.0[0m
[0;32mI (543) cpu_start: Max chip rev:     v3.99 [0m
[0;32mI (548) cpu_start: Chip rev:         v3.1[0m
[0;32mI (553) heap_init: Initializing. RAM available for dynamic allocation:[0m
[0;32mI (560) heap_init: At 3FFAFF10 len 000000F0 (0 KiB): DRAM[0m
[0;32mI (566) heap_init: At 3FFB6388 len 00001C78 (7 KiB): DRAM[0m
[0;32mI (572) heap_init: At 3FFB9A20 len 00004108 (16 KiB): DRAM[0m
[0;32mI (578) heap_init: At 3FFCA4A0 len 00015B60 (86 KiB): DRAM[0m
[0;32mI (584) heap_init: At 3FFE0440 len 00003AE0 (14 KiB): D/IRAM[0m
[0;32mI (591) heap_init: At 3FFE4350 len 0001BCB0 (111 KiB): D/IRAM[0m
[0;32mI (597) heap_init: At 400987F4 len 0000780C (30 KiB): IRAM[0m
[0;32mI (605) spi_flash: detected chip: generic[0m
[0;32mI (608) spi_flash: flash io: dio[0m
[0;33mW (612) spi_flash: Detected size(4096k) larger than the size in the binary image header(2048k). Using the size in the binary image header.[0m
[0;32mI (626) coexist: coex firmware version: b6d5e8c[0m
[0;32mI (631) app_start: Starting scheduler on CPU0[0m
[0;32[0;32mI (635) app_start: Starting scheduler on CPU1[0m
mI (635) main_task: Started on CPU0[0m
[0;32mI (645) main_task: Calling app_main()[0m
[0;32mI (645) MESH-SERVER-EXAMPLE: Initializing...[0m
[0;32mI (1685) BTDM_INIT: BT controller compile version [ec4ac65][0m
[0;32mI (1685) BTDM_INIT: Bluetooth MAC: d8:bc:38:fc:1d:e2[0m
[0;32mI (1685) phy_init: phy_version 4780,16b31a7,Sep 22 2023,20:42:16[0m
[0;32mI (2175) MESH_SERVER: ESP_BLE_MESH_PROV_REGISTER_COMP_EVT, err_code 0[0m
[0;32mI (2175) MESH_SERVER: ESP_BLE_MESH_NODE_SET_UNPROV_DEV_NAME_COMP_EVT, Name: ESP-SERVER MESH, err_code 0[0m
[0;32mI (2175) MESH_SERVER: BLE Mesh Node initialized![0m
[0;32mI (2185) MESH-SERVER-EXAMPLE: Task initializing..[0m
[0;32mI (2195) MESH_SERVER: ESP_BLE_MESH_NODE_PROV_ENABLE_COMP_EVT, err_code 0[0m
[0;32mI (2195) MESH-SERVER-EXAMPLE: Task initializing..[0m
[0;31mE (2205) FreeRTOS: FreeRTOS Task "Read queue dht1" should not return, Aborting now![0m

abort() was called at PC 0x40093b5f on core 1


Backtrace: 0x40081a26:0x3ffd4b80 0x40091401:0x3ffd4ba0 0x40096a82:0x3ffd4bc0 0x40093b5f:0x3ffd4c30




ELF file SHA256: a83209f2ad1e85f2

Rebooting...
ets Jul 29 2019 12:21:46

rst:0xc (SW_CPU_RESET),boot:0x13 (SPI_FAST_FLASH_BOOT)
configsip: 0, SPIWP:0xee
clk_drv:0x00,q_drv:0x00,d_drv:0x00,cs0_drv:0x00,hd_drv:0x00,wp_drv:0x00
mode:DIO, clock div:2
load:0x3fff0030,len:7080
load:0x40078000,len:15584
load:0x40080400,len:4
ho 8 tail 4 room 4
load:0x40080404,len:3876
entry 0x4008064c
[0;32mI (31) boot: ESP-IDF v5.1.2 2nd stage bootloader[0m
[0;32mI (31) boot: compile time May 18 2024 12:00:58[0m
[0;32mI (31) boot: Multicore bootloader[0m
[0;32mI (35) boot: chip revision: v3.1[0m
[0;32mI (39) boot.esp32: SPI Speed      : 40MHz[0m
[0;32mI (44) boot.esp32: SPI Mode       : DIO[0m
[0;32mI (48) boot.esp32: SPI Flash Size : 2MB[0m
[0;32mI (53) boot: Enabling RNG early entropy source...[0m
[0;32mI (58) boot: Partition Table:[0m
[0;32mI (62) boot: ## Label            Usage          Type ST Offset   Length[0m
[0;32mI (69) boot:  0 nvs              WiFi data        01 02 00009000 00006000[0m
[0;32mI (76) boot:  1 phy_init         RF data          01 01 0000f000 00001000[0m
[0;32mI (84) boot:  2 factory          factory app      00 00 00010000 00100000[0m
[0;32mI (91) boot: End of partition table[0m
[0;32mI (96) esp_image: segment 0: paddr=00010020 vaddr=3f400020 size=2bdech (179692) map[0m
[0;32mI (169) esp_image: segment 1: paddr=0003be14 vaddr=3ffbdb60 size=04204h ( 16900) load[0m
[0;32mI (176) esp_image: segment 2: paddr=00040020 vaddr=400d0020 size=a1f70h (663408) map[0m
[0;32mI (416) esp_image: segment 3: paddr=000e1f98 vaddr=3ffc1d64 size=00f54h (  3924) load[0m
[0;32mI (417) esp_image: segment 4: paddr=000e2ef4 vaddr=40080000 size=187f4h (100340) load[0m
[0;32mI (476) boot: Loaded app from partition at offset 0x10000[0m
[0;32mI (476) boot: Disabling RNG early entropy source...[0m
[0;32mI (487) cpu_start: Multicore app[0m
[0;32mI (488) cpu_start: Pro cpu up.[0m
[0;32mI (488) cpu_start: Starting app cpu, entry point is 0x4008137c[0m
[0;32mI (475) cpu_start: App cpu up.[0m
[0;32mI (506) cpu_start: Pro cpu start user code[0m
[0;32mI (506) cpu_start: cpu freq: 160000000 Hz[0m
[0;32mI (506) cpu_start: Application information:[0m
[0;32mI (510) cpu_start: Project name:     onoff_server_s3[0m
[0;32mI (516) cpu_start: App version:      a1d81d1-dirty[0m
[0;32mI (522) cpu_start: Compile time:     Jun  5 2024 11:50:27[0m
[0;32mI (528) cpu_start: ELF file SHA256:  a83209f2ad1e85f2...[0m
[0;32mI (534) cpu_start: ESP-IDF:          v5.1.2[0m
[0;32mI (539) cpu_start: Min chip rev:     v0.0[0m
[0;32mI (543) cpu_start: Max chip rev:     v3.99 [0m
[0;32mI (548) cpu_start: Chip rev:         v3.1[0m
[0;32mI (553) heap_init: Initializing. RAM available for dynamic allocation:[0m
[0;32mI (560) heap_init: At 3FFAFF10 len 000000F0 (0 KiB): DRAM[0m
[0;32mI (566) heap_init: At 3FFB6388 len 00001C78 (7 KiB): DRAM[0m
[0;32mI (572) heap_init: At 3FFB9A20 len 00004108 (16 KiB): DRAM[0m
[0;32mI (578) heap_init: At 3FFCA4A0 len 00015B60 (86 KiB): DRAM[0m
[0;32mI (584) heap_init: At 3FFE0440 len 00003AE0 (14 KiB): D/IRAM[0m
[0;32mI (591) heap_init: At 3FFE4350 len 0001BCB0 (111 KiB): D/IRAM[0m
[0;32mI (597) heap_init: At 400987F4 len 0000780C (30 KiB): IRAM[0m
[0;32mI (605) spi_flash: detected chip: generic[0m
[0;32mI (608) spi_flash: flash io: dio[0m
[0;33mW (612) spi_flash: Detected size(4096k) larger than the size in the binary image header(2048k). Using the size in the binary image header.[0m
[0;32mI (626) coexist: coex firmware version: b6d5e8c[0m
[0;32mI (631) app_start: Starting scheduler on CPU0[0m
[0;32[0;32mI (635) app_start: Starting scheduler on CPU1[0m
mI (635) main_task: Started on CPU0[0m
[0;32mI (645) main_task: Calling app_main()[0m
[0;32mI (645) MESH-SERVER-EXAMPLE: Initializing...[0m
[0;32mI (1685) BTDM_INIT: BT controller compile version [ec4ac65][0m
[0;32mI (1685) BTDM_INIT: Bluetooth MAC: d8:bc:38:fc:1d:e2[0m
[0;32mI (1685) phy_init: phy_version 4780,16b31a7,Sep 22 2023,20:42:16[0m
[0;32mI (2175) MESH_SERVER: ESP_BLE_MESH_PROV_REGISTER_COMP_EVT, err_code 0[0m
[0;32mI (2175) MESH_SERVER: ESP_BLE_MESH_NODE_SET_UNPROV_DEV_NAME_COMP_EVT, Name: ESP-SERVER MESH, err_code 0[0m
[0;32mI (2175) MESH_SERVER: BLE Mesh Node initialized![0m
[0;32mI (2185) MESH-SERVER-EXAMPLE: Task initializing..[0m
[0;32mI (2195) MESH_SERVER: ESP_BLE_MESH_NODE_PROV_ENABLE_COMP_EVT, err_code 0[0m
[0;32mI (2195) MESH-SERVER-EXAMPLE: Task initializing..[0m
[0;31mE (2225) FreeRTOS: FreeRTOS Task "Read queue dht1" should not return, Aborting now![0m

abort() was called at PC 0x40093b5f on core 0


Backtrace: 0x40081a26:0x3ffd4b80 0x40091401:0x3ffd4ba0 0x40096a82:0x3ffd4bc0 0x40093b5f:0x3ffd4c30




ELF file SHA256: a83209f2ad1e85f2

Rebooting...
ets Jul 29 2019 12:21:46

rst:0xc (SW_CPU_RESET),boot:0x13 (SPI_FAST_FLASH_BOOT)
configsip: 0, SPIWP:0xee
clk_drv:0x00,q_drv:0x00,d_drv:0x00,cs0_drv:0x00,hd_drv:0x00,wp_drv:0x00
mode:DIO, clock div:2
load:0x3fff0030,len:7080
load:0x40078000,len:15584
load:0x40080400,len:4
ho 8 tail 4 room 4
load:0x40080404,len:3876
entry 0x4008064c
[0;32mI (31) boot: ESP-IDF v5.1.2 2nd stage bootloader[0m
[0;32mI (31) boot: compile time May 18 2024 12:00:58[0m
[0;32mI (31) boot: Multicore bootloader[0m
[0;32mI (35) boot: chip revision: v3.1[0m
[0;32mI (39) boot.esp32: SPI Speed      : 40MHz[0m
[0;32mI (44) boot.esp32: SPI Mode       : DIO[0m
[0;32mI (48) boot.esp32: SPI Flash Size : 2MB[0m
[0;32mI (53) boot: Enabling RNG early entropy source...[0m
[0;32mI (58) boot: Partition Table:[0m
[0;32mI (62) boot: ## Label            Usage          Type ST Offset   Length[0m
[0;32mI (69) boot:  0 nvs              WiFi data        01 02 00009000 00006000[0m
[0;32mI (76) boot:  1 phy_init         RF data          01 01 0000f000 00001000[0m
[0;32mI (84) boot:  2 factory          factory app      00 00 00010000 00100000[0m
[0;32mI (91) boot: End of partition table[0m
[0;32mI (96) esp_image: segment 0: paddr=00010020 vaddr=3f400020 size=2bdech (179692) map[0m
[0;32mI (169) esp_image: segment 1: paddr=0003be14 vaddr=3ffbdb60 size=04204h ( 16900) load[0m
[0;32mI (176) esp_image: segment 2: paddr=00040020 vaddr=400d0020 size=a1f70h (663408) map[0m
[0;32mI (416) esp_image: segment 3: paddr=000e1f98 vaddr=3ffc1d64 size=00f54h (  3924) load[0m
[0;32mI (417) esp_image: segment 4: paddr=000e2ef4 vaddr=40080000 size=187f4h (100340) load[0m
[0;32mI (476) boot: Loaded app from partition at offset 0x10000[0m
[0;32mI (476) boot: Disabling RNG early entropy source...[0m
[0;32mI (487) cpu_start: Multicore app[0m
[0;32mI (488) cpu_start: Pro cpu up.[0m
[0;32mI (488) cpu_start: Starting app cpu, entry point is 0x4008137c[0m
[0;32mI (475) cpu_start: App cpu up.[0m
[0;32mI (506) cpu_start: Pro cpu start user code[0m
[0;32mI (506) cpu_start: cpu freq: 160000000 Hz[0m
[0;32mI (506) cpu_start: Application information:[0m
[0;32mI (511) cpu_start: Project name:     onoff_server_s3[0m
[0;32mI (516) cpu_start: App version:      a1d81d1-dirty[0m
[0;32mI (522) cpu_start: Compile time:     Jun  5 2024 11:50:27[0m
[0;32mI (528) cpu_start: ELF file SHA256:  a83209f2ad1e85f2...[0m
[0;32mI (534) cpu_start: ESP-IDF:          v5.1.2[0m
[0;32mI (539) cpu_start: Min chip rev:     v0.0[0m
[0;32mI (543) cpu_start: Max chip rev:     v3.99 [0m
[0;32mI (548) cpu_start: Chip rev:         v3.1[0m
[0;32mI (553) heap_init: Initializing. RAM available for dynamic allocation:[0m
[0;32mI (560) heap_init: At 3FFAFF10 len 000000F0 (0 KiB): DRAM[0m
[0;32mI (566) heap_init: At 3FFB6388 len 00001C78 (7 KiB): DRAM[0m
[0;32mI (572) heap_init: At 3FFB9A20 len 00004108 (16 KiB): DRAM[0m
[0;32mI (578) heap_init: At 3FFCA4A0 len 00015B60 (86 KiB): DRAM[0m
[0;32mI (584) heap_init: At 3FFE0440 len 00003AE0 (14 KiB): D/IRAM[0m
[0;32mI (591) heap_init: At 3FFE4350 len 0001BCB0 (111 KiB): D/IRAM[0m
[0;32mI (597) heap_init: At 400987F4 len 0000780C (30 KiB): IRAM[0m
[0;32mI (605) spi_flash: detected chip: generic[0m
[0;32mI (608) spi_flash: flash io: dio[0m
[0;33mW (612) spi_flash: Detected size(4096k) larger than the size in the binary image header(2048k). Using the size in the binary image header.[0m
[0;32mI (626) coexist: coex firmware version: b6d5e8c[0m
[0;32mI (631) app_start: Starting scheduler on CPU0[0m
[0;32[0;32mI (636) app_start: Starting scheduler on CPU1[0m
mI (636) main_task: Started on CPU0[0m
[0;32mI (646) main_task: Calling app_main()[0m
[0;32mI (646) MESH-SERVER-EXAMPLE: Initializing...[0m
[0;32mI (1686) BTDM_INIT: BT controller compile version [ec4ac65][0m
[0;32mI (1686) BTDM_INIT: Bluetooth MAC: d8:bc:38:fc:1d:e2[0m
[0;32mI (1686) phy_init: phy_version 4780,16b31a7,Sep 22 2023,20:42:16[0m
[0;32mI (2176) MESH_SERVER: ESP_BLE_MESH_PROV_REGISTER_COMP_EVT, err_code 0[0m
[0;32mI (2176) MESH_SERVER: ESP_BLE_MESH_NODE_SET_UNPROV_DEV_NAME_COMP_EVT, Name: ESP-SERVER MESH, err_code 0[0m
[0;32mI (2186) MESH_SERVER: BLE Mesh Node initialized![0m
[0;32mI (2196) MESH-SERVER-EXAMPLE: Task initializing..[0m
[0;32mI (2206) MESH_SERVER: ESP_BLE_MESH_NODE_PROV_ENABLE_COMP_EVT, err_code 0[0m
[0;32mI (2206) MESH-SERVER-EXAMPLE: Task initializing..[0m
[0;31mE (2236) FreeRTOS: FreeRTOS Task "Read queue dht1" should not return, Aborting now![0m

abort() was called at PC 0x40093b5f on core 0


Backtrace: 0x40081a26:0x3ffd4b80 0x40091401:0x3ffd4ba0 0x40096a82:0x3ffd4bc0 0x40093b5f:0x3ffd4c30




ELF file SHA256: a83209f2ad1e85f2

Rebooting...
ets Jul 29 2019 12:21:46

rst:0xc (SW_CPU_RESET),boot:0x13 (SPI_FAST_FLASH_BOOT)
configsip: 0, SPIWP:0xee
clk_drv:0x00,q_drv:0x00,d_drv:0x00,cs0_drv:0x00,hd_drv:0x00,wp_drv:0x00
mode:DIO, clock div:2
load:0x3fff0030,len:7080
load:0x40078000,len:15584
load:0x40080400,len:4
ho 8 tail 4 room 4
load:0x40080404,len:3876
entry 0x4008064c
[0;32mI (31) boot: ESP-IDF v5.1.2 2nd stage bootloader[0m
[0;32mI (31) boot: compile time May 18 2024 12:00:58[0m
[0;32mI (31) boot: Multicore bootloader[0m
[0;32mI (35) boot: chip revision: v3.1[0m
[0;32mI (39) boot.esp32: SPI Speed      : 40MHz[0m
[0;32mI (44) boot.esp32: SPI Mode       : DIO[0m
[0;32mI (48) boot.esp32: SPI Flash Size : 2MB[0m
[0;32mI (53) boot: Enabling RNG early entropy source...[0m
[0;32mI (58) boot: Partition Table:[0m
[0;32mI (62) boot: ## Label            Usage          Type ST Offset   Length[0m
[0;32mI (69) boot:  0 nvs              WiFi data        01 02 00009000 00006000[0m
[0;32mI (76) boot:  1 phy_init         RF data          01 01 0000f000 00001000[0m
[0;32mI (84) boot:  2 factory          factory app      00 00 00010000 00100000[0m
[0;32mI (91) boot: End of partition table[0m
[0;32mI (96) esp_image: segment 0: paddr=00010020 vaddr=3f400020 size=2bdech (179692) map[0m
[0;32mI (169) esp_image: segment 1: paddr=0003be14 vaddr=3ffbdb60 size=04204h ( 16900) load[0m
[0;32mI (176) esp_image: segment 2: paddr=00040020 vaddr=400d0020 size=a1f70h (663408) map[0m
[0;32mI (416) esp_image: segment 3: paddr=000e1f98 vaddr=3ffc1d64 size=00f54h (  3924) load[0m
[0;32mI (417) esp_image: segment 4: paddr=000e2ef4 vaddr=40080000 size=187f4h (100340) load[0m
[0;32mI (476) boot: Loaded app from partition at offset 0x10000[0m
[0;32mI (476) boot: Disabling RNG early entropy source...[0m
[0;32mI (487) cpu_start: Multicore app[0m
[0;32mI (488) cpu_start: Pro cpu up.[0m
[0;32mI (488) cpu_start: Starting app cpu, entry point is 0x4008137c[0m
[0;32mI (475) cpu_start: App cpu up.[0m
[0;32mI (506) cpu_start: Pro cpu start user code[0m
[0;32mI (506) cpu_start: cpu freq: 160000000 Hz[0m
[0;32mI (506) cpu_start: Application information:[0m
[0;32mI (511) cpu_start: Project name:     onoff_server_s3[0m
[0;32mI (516) cpu_start: App version:      a1d81d1-dirty[0m
[0;32mI (522) cpu_start: Compile time:     Jun  5 2024 11:50:27[0m
[0;32mI (528) cpu_start: ELF file SHA256:  a83209f2ad1e85f2...[0m
[0;32mI (534) cpu_start: ESP-IDF:          v5.1.2[0m
[0;32mI (539) cpu_start: Min chip rev:     v0.0[0m
[0;32mI (543) cpu_start: Max chip rev:     v3.99 [0m
[0;32mI (548) cpu_start: Chip rev:         v3.1[0m
[0;32mI (553) heap_init: Initializing. RAM available for dynamic allocation:[0m
[0;32mI (560) heap_init: At 3FFAFF10 len 000000F0 (0 KiB): DRAM[0m
[0;32mI (566) heap_init: At 3FFB6388 len 00001C78 (7 KiB): DRAM[0m
[0;32mI (572) heap_init: At 3FFB9A20 len 00004108 (16 KiB): DRAM[0m
[0;32mI (578) heap_init: At 3FFCA4A0 len 00015B60 (86 KiB): DRAM[0m
[0;32mI (584) heap_init: At 3FFE0440 len 00003AE0 (14 KiB): D/IRAM[0m
[0;32mI (591) heap_init: At 3FFE4350 len 0001BCB0 (111 KiB): D/IRAM[0m
[0;32mI (597) heap_init: At 400987F4 len 0000780C (30 KiB): IRAM[0m
[0;32mI (605) spi_flash: detected chip: generic[0m
[0;32mI (608) spi_flash: flash io: dio[0m
[0;33mW (612) spi_flash: Detected size(4096k) larger than the size in the binary image header(2048k). Using the size in the binary image header.[0m
[0;32mI (626) coexist: coex firmware version: b6d5e8c[0m
[0;32mI (631) app_start: Starting scheduler on CPU0[0m
[0;32[0;32mI (635) app_start: Starting scheduler on CPU1[0m
mI (635) main_task: Started on CPU0[0m
[0;32mI (645) main_task: Calling app_main()[0m
[0;32mI (645) MESH-SERVER-EXAMPLE: Initializing...[0m
[0;32mI (1685) BTDM_INIT: BT controller compile version [ec4ac65][0m
[0;32mI (1685) BTDM_INIT: Bluetooth MAC: d8:bc:38:fc:1d:e2[0m
[0;32mI (1685) phy_init: phy_version 4780,16b31a7,Sep 22 2023,20:42:16[0m
[0;32mI (2175) MESH_SERVER: ESP_BLE_MESH_PROV_REGISTER_COMP_EVT, err_code 0[0m
[0;32mI (2175) MESH_SERVER: ESP_BLE_MESH_NODE_SET_UNPROV_DEV_NAME_COMP_EVT, Name: ESP-SERVER MESH, err_code 0[0m
[0;32mI (2175) MESH_SERVER: BLE Mesh Node initialized![0m
[0;32mI (2185) MESH-SERVER-EXAMPLE: Task initializing..[0m
[0;32mI (2195) MESH_SERVER: ESP_BLE_MESH_NODE_PROV_ENABLE_COMP_EVT, err_code 0[0m
[0;32mI (2195) MESH-SERVER-EXAMPLE: Task initializing..[0m
[0;31mE (2225) FreeRTOS: FreeRTOS Task "Read queue dht1" should not return, Aborting now![0m

abort() was called at PC 0x40093b5f on core 0


Backtrace: 0x40081a26:0x3ffd4b80 0x40091401:0x3ffd4ba0 0x40096a82:0x3ffd4bc0 0x40093b5f:0x3ffd4c30




ELF file SHA256: a83209f2ad1e85f2

Rebooting...
ets Jul 29 2019 12:21:46

rst:0xc (SW_CPU_RESET),boot:0x13 (SPI_FAST_FLASH_BOOT)
configsip: 0, SPIWP:0xee
clk_drv:0x00,q_drv:0x00,d_drv:0x00,cs0_drv:0x00,hd_drv:0x00,wp_drv:0x00
mode:DIO, clock div:2
load:0x3fff0030,len:7080
load:0x40078000,len:15584
load:0x40080400,len:4
ho 8 tail 4 room 4
load:0x40080404,len:3876
entry 0x4008064c
[0;32mI (31) boot: ESP-IDF v5.1.2 2nd stage bootloader[0m
[0;32mI (31) boot: compile time May 18 2024 12:00:58[0m
[0;32mI (31) boot: Multicore bootloader[0m
[0;32mI (35) boot: chip revision: v3.1[0m
[0;32mI (39) boot.esp32: SPI Speed      : 40MHz[0m
[0;32mI (44) boot.esp32: SPI Mode       : DIO[0m
[0;32mI (48) boot.esp32: SPI Flash Size : 2MB[0m
[0;32mI (53) boot: Enabling RNG early entropy source...[0m
[0;32mI (58) boot: Partition Table:[0m
[0;32mI (62) boot: ## Label            Usage          Type ST Offset   Length[0m
[0;32mI (69) boot:  0 nvs              WiFi data        01 02 00009000 00006000[0m
[0;32mI (76) boot:  1 phy_init         RF data          01 01 0000f000 00001000[0m
[0;32mI (84) boot:  2 factory          factory app      00 00 00010000 00100000[0m
[0;32mI (91) boot: End of partition table[0m
[0;32mI (96) esp_image: segment 0: paddr=00010020 vaddr=3f400020 size=2bdech (179692) map[0m
[0;32mI (169) esp_image: segment 1: paddr=0003be14 vaddr=3ffbdb60 size=04204h ( 16900) load[0m
[0;32mI (176) esp_image: segment 2: paddr=00040020 vaddr=400d0020 size=a1f70h (663408) map[0m
[0;32mI (416) esp_image: segment 3: paddr=000e1f98 vaddr=3ffc1d64 size=00f54h (  3924) load[0m
[0;32mI (417) esp_image: segment 4: paddr=000e2ef4 vaddr=40080000 size=187f4h (100340) load[0m
[0;32mI (476) boot: Loaded app from partition at offset 0x10000[0m
[0;32mI (476) boot: Disabling RNG early entropy source...[0m
[0;32mI (487) cpu_start: Multicore app[0m
[0;32mI (488) cpu_start: Pro cpu up.[0m
[0;32mI (488) cpu_start: Starting app cpu, entry point is 0x4008137c[0m
[0;32mI (475) cpu_start: App cpu up.[0m
[0;32mI (506) cpu_start: Pro cpu start user code[0m
[0;32mI (506) cpu_start: cpu freq: 160000000 Hz[0m
[0;32mI (506) cpu_start: Application information:[0m
[0;32mI (511) cpu_start: Project name:     onoff_server_s3[0m
[0;32mI (516) cpu_start: App version:      a1d81d1-dirty[0m
[0;32mI (522) cpu_start: Compile time:     Jun  5 2024 11:50:27[0m
[0;32mI (528) cpu_start: ELF file SHA256:  a83209f2ad1e85f2...[0m
[0;32mI (534) cpu_start: ESP-IDF:          v5.1.2[0m
[0;32mI (539) cpu_start: Min chip rev:     v0.0[0m
[0;32mI (543) cpu_start: Max chip rev:     v3.99 [0m
[0;32mI (548) cpu_start: Chip rev:         v3.1[0m
[0;32mI (553) heap_init: Initializing. RAM available for dynamic allocation:[0m
[0;32mI (560) heap_init: At 3FFAFF10 len 000000F0 (0 KiB): DRAM[0m
[0;32mI (566) heap_init: At 3FFB6388 len 00001C78 (7 KiB): DRAM[0m
[0;32mI (572) heap_init: At 3FFB9A20 len 00004108 (16 KiB): DRAM[0m
[0;32mI (578) heap_init: At 3FFCA4A0 len 00015B60 (86 KiB): DRAM[0m
[0;32mI (584) heap_init: At 3FFE0440 len 00003AE0 (14 KiB): D/IRAM[0m
[0;32mI (591) heap_init: At 3FFE4350 len 0001BCB0 (111 KiB): D/IRAM[0m
[0;32mI (597) heap_init: At 400987F4 len 0000780C (30 KiB): IRAM[0m
[0;32mI (605) spi_flash: detected chip: generic[0m
[0;32mI (608) spi_flash: flash io: dio[0m
[0;33mW (612) spi_flash: Detected size(4096k) larger than the size in the binary image header(2048k). Using the size in the binary image header.[0m
[0;32mI (626) coexist: coex firmware version: b6d5e8c[0m
[0;32mI (631) app_start: Starting scheduler on CPU0[0m
[0;32[0;32mI (635) app_start: Starting scheduler on CPU1[0m
mI (635) main_task: Started on CPU0[0m
[0;32mI (645) main_task: Calling app_main()[0m
[0;32mI (645) MESH-SERVER-EXAMPLE: Initializing...[0m
[0;32mI (1685) BTDM_INIT: BT controller compile version [ec4ac65][0m
[0;32mI (1685) BTDM_INIT: Bluetooth MAC: d8:bc:38:fc:1d:e2[0m
[0;32mI (1685) phy_init: phy_version 4780,16b31a7,Sep 22 2023,20:42:16[0m
[0;32mI (2175) MESH_SERVER: ESP_BLE_MESH_PROV_REGISTER_COMP_EVT, err_code 0[0m
[0;32mI (2175) MESH_SERVER: ESP_BLE_MESH_NODE_SET_UNPROV_DEV_NAME_COMP_EVT, Name: ESP-SERVER MESH, err_code 0[0m
[0;32mI (2185) MESH_SERVER: BLE Mesh Node initialized![0m
[0;32mI (2185) MESH-SERVER-EXAMPLE: Task initializing..[0m
[0;32mI (2205) MESH_SERVER: ESP_BLE_MESH_NODE_PROV_ENABLE_COMP_EVT, err_code 0[0m
[0;32mI (2205) MESH-SERVER-EXAMPLE: Task initializing..[0m
[0;31mE (2235) FreeRTOS: FreeRTOS Task "Read queue dht1" should not return, Aborting now![0m

abort() was called at PC 0x40093b5f on core 0


Backtrace: 0x40081a26:0x3ffd4b80 0x40091401:0x3ffd4ba0 0x40096a82:0x3ffd4bc0 0x40093b5f:0x3ffd4c30




ELF file SHA256: a83209f2ad1e85f2

Rebooting...
ets Jul 29 2019 12:21:46

rst:0xc (SW_CPU_RESET),boot:0x13 (SPI_FAST_FLASH_BOOT)
configsip: 0, SPIWP:0xee
clk_drv:0x00,q_drv:0x00,d_drv:0x00,cs0_drv:0x00,hd_drv:0x00,wp_drv:0x00
mode:DIO, clock div:2
load:0x3fff0030,len:7080
load:0x40078000,len:15584
load:0x40080400,len:4
ho 8 tail 4 room 4
load:0x40080404,len:3876
entry 0x4008064c
[0;32mI (31) boot: ESP-IDF v5.1.2 2nd stage bootloader[0m
[0;32mI (31) boot: compile time May 18 2024 12:00:58[0m
[0;32mI (31) boot: Multicore bootloader[0m
[0;32mI (35) boot: chip revision: v3.1[0m
[0;32mI (39) boot.esp32: SPI Speed      : 40MHz[0m
[0;32mI (44) boot.esp32: SPI Mode       : DIO[0m
[0;32mI (48) boot.esp32: SPI Flash Size : 2MB[0m
[0;32mI (53) boot: Enabling RNG early entropy source...[0m
[0;32mI (58) boot: Partition Table:[0m
[0;32mI (62) boot: ## Label            Usage          Type ST Offset   Length[0m
[0;32mI (69) boot:  0 nvs              WiFi data        01 02 00009000 00006000[0m
[0;32mI (76) boot:  1 phy_init         RF data          01 01 0000f000 00001000[0m
[0;32mI (84) boot:  2 factory          factory app      00 00 00010000 00100000[0m
[0;32mI (91) boot: End of partition table[0m
[0;32mI (96) esp_image: segment 0: paddr=00010020 vaddr=3f400020 size=2bdech (179692) map[0m
[0;32mI (169) esp_image: segment 1: paddr=0003be14 vaddr=3ffbdb60 size=04204h ( 16900) load[0m
[0;32mI (176) esp_image: segment 2: paddr=00040020 vaddr=400d0020 size=a1f70h (663408) map[0m
[0;32mI (416) esp_image: segment 3: paddr=000e1f98 vaddr=3ffc1d64 size=00f54h (  3924) load[0m
[0;32mI (417) esp_image: segment 4: paddr=000e2ef4 vaddr=40080000 size=187f4h (100340) load[0m
[0;32mI (476) boot: Loaded app from partition at offset 0x10000[0m
[0;32mI (476) boot: Disabling RNG early entropy source...[0m
[0;32mI (487) cpu_start: Multicore app[0m
[0;32mI (488) cpu_start: Pro cpu up.[0m
[0;32mI (488) cpu_start: Starting app cpu, entry point is 0x4008137c[0m
[0;32mI (475) cpu_start: App cpu up.[0m
[0;32mI (506) cpu_start: Pro cpu start user code[0m
[0;32mI (506) cpu_start: cpu freq: 160000000 Hz[0m
[0;32mI (506) cpu_start: Application information:[0m
[0;32mI (511) cpu_start: Project name:     onoff_server_s3[0m
[0;32mI (516) cpu_start: App version:      a1d81d1-dirty[0m
[0;32mI (522) cpu_start: Compile time:     Jun  5 2024 11:50:27[0m
[0;32mI (528) cpu_start: ELF file SHA256:  a83209f2ad1e85f2...[0m
[0;32mI (534) cpu_start: ESP-IDF:          v5.1.2[0m
[0;32mI (539) cpu_start: Min chip rev:     v0.0[0m
[0;32mI (543) cpu_start: Max chip rev:     v3.99 [0m
[0;32mI (548) cpu_start: Chip rev:         v3.1[0m
[0;32mI (553) heap_init: Initializing. RAM available for dynamic allocation:[0m
[0;32mI (560) heap_init: At 3FFAFF10 len 000000F0 (0 KiB): DRAM[0m
[0;32mI (566) heap_init: At 3FFB6388 len 00001C78 (7 KiB): DRAM[0m
[0;32mI (572) heap_init: At 3FFB9A20 len 00004108 (16 KiB): DRAM[0m
[0;32mI (578) heap_init: At 3FFCA4A0 len 00015B60 (86 KiB): DRAM[0m
[0;32mI (584) heap_init: At 3FFE0440 len 00003AE0 (14 KiB): D/IRAM[0m
[0;32mI (591) heap_init: At 3FFE4350 len 0001BCB0 (111 KiB): D/IRAM[0m
[0;32mI (597) heap_init: At 400987F4 len 0000780C (30 KiB): IRAM[0m
[0;32mI (605) spi_flash: detected chip: generic[0m
[0;32mI (608) spi_flash: flash io: dio[0m
[0;33mW (612) spi_flash: Detected size(4096k) larger than the size in the binary image header(2048k). Using the size in the binary image header.[0m
[0;32mI (626) coexist: coex firmware version: b6d5e8c[0m
[0;32mI (631) app_start: Starting scheduler on CPU0[0m
[0;32[0;32mI (636) app_start: Starting scheduler on CPU1[0m
mI (636) main_task: Started on CPU0[0m
[0;32mI (646) main_task: Calling app_main()[0m
[0;32mI (646) MESH-SERVER-EXAMPLE: Initializing...[0m
[0;32mI (1686) BTDM_INIT: BT controller compile version [ec4ac65][0m
[0;32mI (1686) BTDM_INIT: Bluetooth MAC: d8:bc:38:fc:1d:e2[0m
[0;32mI (1686) phy_init: phy_version 4780,16b31a7,Sep 22 2023,20:42:16[0m
[0;32mI (2176) MESH_SERVER: ESP_BLE_MESH_PROV_REGISTER_COMP_EVT, err_code 0[0m
[0;32mI (2176) MESH_SERVER: ESP_BLE_MESH_NODE_SET_UNPROV_DEV_NAME_COMP_EVT, Name: ESP-SERVER MESH, err_code 0[0m
[0;32mI (2186) MESH_SERVER: BLE Mesh Node initialized![0m
[0;32mI (2186) MESH-SERVER-EXAMPLE: Task initializing..[0m
[0;32mI (2206) MESH_SERVER: ESP_BLE_MESH_NODE_PROV_ENABLE_COMP_EVT, err_code 0[0m
[0;32mI (2206) MESH-SERVER-EXAMPLE: Task initializing..[0m
[0;31mE (2236) FreeRTOS: FreeRTOS Task "Read queue dht1" should not return, Aborting now![0m

abort() was called at PC 0x40093b5f on core 0


Backtrace: 0x40081a26:0x3ffd4b80 0x40091401:0x3ffd4ba0 0x40096a82:0x3ffd4bc0 0x40093b5f:0x3ffd4c30




ELF file SHA256: a83209f2ad1e85f2

Rebooting...
ets Jul 29 2019 12:21:46

rst:0xc (SW_CPU_RESET),boot:0x13 (SPI_FAST_FLASH_BOOT)
configsip: 0, SPIWP:0xee
clk_drv:0x00,q_drv:0x00,d_drv:0x00,cs0_drv:0x00,hd_drv:0x00,wp_drv:0x00
mode:DIO, clock div:2
load:0x3fff0030,len:7080
load:0x40078000,len:15584
load:0x40080400,len:4
ho 8 tail 4 room 4
load:0x40080404,len:3876
entry 0x4008064c
[0;32mI (31) boot: ESP-IDF v5.1.2 2nd stage bootloader[0m
[0;32mI (31) boot: compile time May 18 2024 12:00:58[0m
[0;32mI (31) boot: Multicore bootloader[0m
[0;32mI (35) boot: chip revision: v3.1[0m
[0;32mI (39) boot.esp32: SPI Speed      : 40MHz[0m
[0;32mI (44) boot.esp32: SPI Mode       : DIO[0m
[0;32mI (48) boot.esp32: SPI Flash Size : 2MB[0m
[0;32mI (53) boot: Enabling RNG early entropy source...[0m
[0;32mI (58) boot: Partition Table:[0m
[0;32mI (62) boot: ## Label            Usage          Type ST Offset   Length[0m
[0;32mI (69) boot:  0 nvs              WiFi data        01 02 00009000 00006000[0m
[0;32mI (76) boot:  1 phy_init         RF data          01 01 0000f000 00001000[0m
[0;32mI (84) boot:  2 factory          factory app      00 00 00010000 00100000[0m
[0;32mI (91) boot: End of partition table[0m
[0;32mI (96) esp_image: segment 0: paddr=00010020 vaddr=3f400020 size=2bdech (179692) map[0m
[0;32mI (169) esp_image: segment 1: paddr=0003be14 vaddr=3ffbdb60 size=04204h ( 16900) load[0m
[0;32mI (176) esp_image: segment 2: paddr=00040020 vaddr=400d0020 size=a1f70h (663408) map[0m
[0;32mI (416) esp_image: segment 3: paddr=000e1f98 vaddr=3ffc1d64 size=00f54h (  3924) load[0m
[0;32mI (417) esp_image: segment 4: paddr=000e2ef4 vaddr=40080000 size=187f4h (100340) load[0m
[0;32mI (476) boot: Loaded app from partition at offset 0x10000[0m
[0;32mI (476) boot: Disabling RNG early entropy source...[0m
[0;32mI (487) cpu_start: Multicore app[0m
[0;32mI (488) cpu_start: Pro cpu up.[0m
[0;32mI (488) cpu_start: Starting app cpu, entry point is 0x4008137c[0m
[0;32mI (475) cpu_start: App cpu up.[0m
[0;32mI (506) cpu_start: Pro cpu start user code[0m
[0;32mI (506) cpu_start: cpu freq: 160000000 Hz[0m
[0;32mI (506) cpu_start: Application information:[0m
[0;32mI (511) cpu_start: Project name:     onoff_server_s3[0m
[0;32mI (516) cpu_start: App version:      a1d81d1-dirty[0m
[0;32mI (522) cpu_start: Compile time:     Jun  5 2024 11:50:27[0m
[0;32mI (528) cpu_start: ELF file SHA256:  a83209f2ad1e85f2...[0m
[0;32mI (534) cpu_start: ESP-IDF:          v5.1.2[0m
[0;32mI (539) cpu_start: Min chip rev:     v0.0[0m
[0;32mI (543) cpu_start: Max chip rev:     v3.99 [0m
[0;32mI (548) cpu_start: Chip rev:         v3.1[0m
[0;32mI (553) heap_init: Initializing. RAM available for dynamic allocation:[0m
[0;32mI (560) heap_init: At 3FFAFF10 len 000000F0 (0 KiB): DRAM[0m
[0;32mI (566) heap_init: At 3FFB6388 len 00001C78 (7 KiB): DRAM[0m
[0;32mI (572) heap_init: At 3FFB9A20 len 00004108 (16 KiB): DRAM[0m
[0;32mI (578) heap_init: At 3FFCA4A0 len 00015B60 (86 KiB): DRAM[0m
[0;32mI (584) heap_init: At 3FFE0440 len 00003AE0 (14 KiB): D/IRAM[0m
[0;32mI (591) heap_init: At 3FFE4350 len 0001BCB0 (111 KiB): D/IRAM[0m
[0;32mI (597) heap_init: At 400987F4 len 0000780C (30 KiB): IRAM[0m
[0;32mI (605) spi_flash: detected chip: generic[0m
[0;32mI (608) spi_flash: flash io: dio[0m
[0;33mW (612) spi_flash: Detected size(4096k) larger than the size in the binary image header(2048k). Using the size in the binary image header.[0m
[0;32mI (626) coexist: coex firmware version: b6d5e8c[0m
[0;32mI (631) app_start: Starting scheduler on CPU0[0m
[0;32[0;32mI (635) app_start: Starting scheduler on CPU1[0m
mI (635) main_task: Started on CPU0[0m
[0;32mI (645) main_task: Calling app_main()[0m
[0;32mI (645) MESH-SERVER-EXAMPLE: Initializing...[0m
[0;32mI (1685) BTDM_INIT: BT controller compile version [ec4ac65][0m
[0;32mI (1685) BTDM_INIT: Bluetooth MAC: d8:bc:38:fc:1d:e2[0m
[0;32mI (1685) phy_init: phy_version 4780,16b31a7,Sep 22 2023,20:42:16[0m
[0;32mI (2175) MESH_SERVER: ESP_BLE_MESH_PROV_REGISTER_COMP_EVT, err_code 0[0m
[0;32mI (2175) MESH_SERVER: ESP_BLE_MESH_NODE_SET_UNPROV_DEV_NAME_COMP_EVT, Name: ESP-SERVER MESH, err_code 0[0m
[0;32mI (2175) MESH_SERVER: BLE Mesh Node initialized![0m
[0;32mI (2185) MESH-SERVER-EXAMPLE: Task initializing..[0m
[0;32mI (2195) MESH_SERVER: ESP_BLE_MESH_NODE_PROV_ENABLE_COMP_EVT, err_code 0[0m
[0;32mI (2195) MESH-SERVER-EXAMPLE: Task initializing..[0m
[0;31mE (2205) FreeRTOS: FreeRTOS Task "Read queue dht1" should not return, Aborting now![0m

abort() was called at PC 0x40093b5f on core 1


Backtrace: 0x40081a26:0x3ffd4b80 0x40091401:0x3ffd4ba0 0x40096a82:0x3ffd4bc0 0x40093b5f:0x3ffd4c30




ELF file SHA256: a83209f2ad1e85f2

Rebooting...
ets Jul 29 2019 12:21:46

rst:0xc (SW_CPU_RESET),boot:0x13 (SPI_FAST_FLASH_BOOT)
configsip: 0, SPIWP:0xee
clk_drv:0x00,q_drv:0x00,d_drv:0x00,cs0_drv:0x00,hd_drv:0x00,wp_drv:0x00
mode:DIO, clock div:2
load:0x3fff0030,len:7080
load:0x40078000,len:15584
load:0x40080400,len:4
ho 8 tail 4 room 4
load:0x40080404,len:3876
entry 0x4008064c
[0;32mI (31) boot: ESP-IDF v5.1.2 2nd stage bootloader[0m
[0;32mI (31) boot: compile time May 18 2024 12:00:58[0m
[0;32mI (31) boot: Multicore bootloader[0m
[0;32mI (35) boot: chip revision: v3.1[0m
[0;32mI (39) boot.esp32: SPI Speed      : 40MHz[0m
[0;32mI (44) boot.esp32: SPI Mode       : DIO[0m
[0;32mI (48) boot.esp32: SPI Flash Size : 2MB[0m
[0;32mI (53) boot: Enabling RNG early entropy source...[0m
[0;32mI (58) boot: Partition Table:[0m
[0;32mI (62) boot: ## Label            Usage          Type ST Offset   Length[0m
[0;32mI (69) boot:  0 nvs              WiFi data        01 02 00009000 00006000[0m
[0;32mI (76) boot:  1 phy_init         RF data          01 01 0000f000 00001000[0m
[0;32mI (84) boot:  2 factory          factory app      00 00 00010000 00100000[0m
[0;32mI (91) boot: End of partition table[0m
[0;32mI (96) esp_image: segment 0: paddr=00010020 vaddr=3f400020 size=2bdech (179692) map[0m
[0;32mI (169) esp_image: segment 1: paddr=0003be14 vaddr=3ffbdb60 size=04204h ( 16900) load[0m
[0;32mI (176) esp_image: segment 2: paddr=00040020 vaddr=400d0020 size=a1f70h (663408) map[0m
[0;32mI (416) esp_image: segment 3: paddr=000e1f98 vaddr=3ffc1d64 size=00f54h (  3924) load[0m
[0;32mI (417) esp_image: segment 4: paddr=000e2ef4 vaddr=40080000 size=187f4h (100340) load[0m
[0;32mI (476) boot: Loaded app from partition at offset 0x10000[0m
[0;32mI (476) boot: Disabling RNG early entropy source...[0m
[0;32mI (487) cpu_start: Multicore app[0m
[0;32mI (488) cpu_start: Pro cpu up.[0m
[0;32mI (488) cpu_start: Starting app cpu, entry point is 0x4008137c[0m
[0;32mI (475) cpu_start: App cpu up.[0m
[0;32mI (506) cpu_start: Pro cpu start user code[0m
[0;32mI (506) cpu_start: cpu freq: 160000000 Hz[0m
[0;32mI (506) cpu_start: Application information:[0m
[0;32mI (511) cpu_start: Project name:     onoff_server_s3[0m
[0;32mI (516) cpu_start: App version:      a1d81d1-dirty[0m
[0;32mI (522) cpu_start: Compile time:     Jun  5 2024 11:50:27[0m
[0;32mI (528) cpu_start: ELF file SHA256:  a83209f2ad1e85f2...[0m
[0;32mI (534) cpu_start: ESP-IDF:          v5.1.2[0m
[0;32mI (539) cpu_start: Min chip rev:     v0.0[0m
[0;32mI (543) cpu_start: Max chip rev:     v3.99 [0m
[0;32mI (548) cpu_start: Chip rev:         v3.1[0m
[0;32mI (553) heap_init: Initializing. RAM available for dynamic allocation:[0m
[0;32mI (560) heap_init: At 3FFAFF10 len 000000F0 (0 KiB): DRAM[0m
[0;32mI (566) heap_init: At 3FFB6388 len 00001C78 (7 KiB): DRAM[0m
[0;32mI (572) heap_init: At 3FFB9A20 len 00004108 (16 KiB): DRAM[0m
[0;32mI (578) heap_init: At 3FFCA4A0 len 00015B60 (86 KiB): DRAM[0m
[0;32mI (584) heap_init: At 3FFE0440 len 00003AE0 (14 KiB): D/IRAM[0m
[0;32mI (591) heap_init: At 3FFE4350 len 0001BCB0 (111 KiB): D/IRAM[0m
[0;32mI (597) heap_init: At 400987F4 len 0000780C (30 KiB): IRAM[0m
[0;32mI (605) spi_flash: detected chip: generic[0m
[0;32mI (608) spi_flash: flash io: dio[0m
[0;33mW (612) spi_flash: Detected size(4096k) larger than the size in the binary image header(2048k). Using the size in the binary image header.[0m
[0;32mI (626) coexist: coex firmware version: b6d5e8c[0m
[0;32mI (631) app_start: Starting scheduler on CPU0[0m
[0;32[0;32mI (635) app_start: Starting scheduler on CPU1[0m
mI (635) main_task: Started on CPU0[0m
[0;32mI (645) main_task: Calling app_main()[0m
[0;32mI (645) MESH-SERVER-EXAMPLE: Initializing...[0m
[0;32mI (1685) BTDM_INIT: BT controller compile version [ec4ac65][0m
[0;32mI (1685) BTDM_INIT: Bluetooth MAC: d8:bc:38:fc:1d:e2[0m
[0;32mI (1685) phy_init: phy_version 4780,16b31a7,Sep 22 2023,20:42:16[0m
[0;32mI (2175) MESH_SERVER: ESP_BLE_MESH_PROV_REGISTER_COMP_EVT, err_code 0[0m
[0;32mI (2175) MESH_SERVER: ESP_BLE_MESH_NODE_SET_UNPROV_DEV_NAME_COMP_EVT, Name: ESP-SERVER MESH, err_code 0[0m
[0;32mI (2185) MESH_SERVER: BLE Mesh Node initialized![0m
[0;32mI (2185) MESH-SERVER-EXAMPLE: Task initializing..[0m
[0;32mI (2205) MESH_SERVER: ESP_BLE_MESH_NODE_PROV_ENABLE_COMP_EVT, err_code 0[0m
[0;32mI (2205) MESH-SERVER-EXAMPLE: Task initializing..[0m
[0;31mE (2225) FreeRTOS: FreeRTOS Task "Read queue dht1" should not return, Aborting now![0m

abort() was called at PC 0x40093b5f on core 0


Backtrace: 0x40081a26:0x3ffd4b80 0x40091401:0x3ffd4ba0 0x40096a82:0x3ffd4bc0 0x40093b5f:0x3ffd4c30




ELF file SHA256: a83209f2ad1e85f2

Rebooting...
ets Jul 29 2019 12:21:46

rst:0xc (SW_CPU_RESET),boot:0x13 (SPI_FAST_FLASH_BOOT)
configsip: 0, SPIWP:0xee
clk_drv:0x00,q_drv:0x00,d_drv:0x00,cs0_drv:0x00,hd_drv:0x00,wp_drv:0x00
mode:DIO, clock div:2
load:0x3fff0030,len:7080
load:0x40078000,len:15584
load:0x40080400,len:4
ho 8 tail 4 room 4
load:0x40080404,len:3876
entry 0x4008064c
[0;32mI (31) boot: ESP-IDF v5.1.2 2nd stage bootloader[0m
[0;32mI (31) boot: compile time May 18 2024 12:00:58[0m
[0;32mI (31) boot: Multicore bootloader[0m
[0;32mI (35) boot: chip revision: v3.1[0m
[0;32mI (39) boot.esp32: SPI Speed      : 40MHz[0m
[0;32mI (44) boot.esp32: SPI Mode       : DIO[0m
[0;32mI (48) boot.esp32: SPI Flash Size : 2MB[0m
[0;32mI (53) boot: Enabling RNG early entropy source...[0m
[0;32mI (58) boot: Partition Table:[0m
[0;32mI (62) boot: ## Label            Usage          Type ST Offset   Length[0m
[0;32mI (69) boot:  0 nvs              WiFi data        01 02 00009000 00006000[0m
[0;32mI (76) boot:  1 phy_init         RF data          01 01 0000f000 00001000[0m
[0;32mI (84) boot:  2 factory          factory app      00 00 00010000 00100000[0m
[0;32mI (91) boot: End of partition table[0m
[0;32mI (96) esp_image: segment 0: paddr=00010020 vaddr=3f400020 size=2bdech (179692) map[0m
[0;32mI (169) esp_image: segment 1: paddr=0003be14 vaddr=3ffbdb60 size=04204h ( 16900) load[0m
[0;32mI (176) esp_image: segment 2: paddr=00040020 vaddr=400d0020 size=a1f70h (663408) map[0m
[0;32mI (416) esp_image: segment 3: paddr=000e1f98 vaddr=3ffc1d64 size=00f54h (  3924) load[0m
[0;32mI (417) esp_image: segment 4: paddr=000e2ef4 vaddr=40080000 size=187f4h (100340) load[0m
[0;32mI (476) boot: Loaded app from partition at offset 0x10000[0m
[0;32mI (476) boot: Disabling RNG early entropy source...[0m
[0;32mI (487) cpu_start: Multicore app[0m
[0;32mI (488) cpu_start: Pro cpu up.[0m
[0;32mI (488) cpu_start: Starting app cpu, entry point is 0x4008137c[0m
[0;32mI (475) cpu_start: App cpu up.[0m
[0;32mI (506) cpu_start: Pro cpu start user code[0m
[0;32mI (506) cpu_start: cpu freq: 160000000 Hz[0m
[0;32mI (506) cpu_start: Application information:[0m
[0;32mI (511) cpu_start: Project name:     onoff_server_s3[0m
[0;32mI (516) cpu_start: App version:      a1d81d1-dirty[0m
[0;32mI (522) cpu_start: Compile time:     Jun  5 2024 11:50:27[0m
[0;32mI (528) cpu_start: ELF file SHA256:  a83209f2ad1e85f2...[0m
[0;32mI (534) cpu_start: ESP-IDF:          v5.1.2[0m
[0;32mI (539) cpu_start: Min chip rev:     v0.0[0m
[0;32mI (543) cpu_start: Max chip rev:     v3.99 [0m
[0;32mI (548) cpu_start: Chip rev:         v3.1[0m
[0;32mI (553) heap_init: Initializing. RAM available for dynamic allocation:[0m
[0;32mI (560) heap_init: At 3FFAFF10 len 000000F0 (0 KiB): DRAM[0m
[0;32mI (566) heap_init: At 3FFB6388 len 00001C78 (7 KiB): DRAM[0m
[0;32mI (572) heap_init: At 3FFB9A20 len 00004108 (16 KiB): DRAM[0m
[0;32mI (578) heap_init: At 3FFCA4A0 len 00015B60 (86 KiB): DRAM[0m
[0;32mI (584) heap_init: At 3FFE0440 len 00003AE0 (14 KiB): D/IRAM[0m
[0;32mI (591) heap_init: At 3FFE4350 len 0001BCB0 (111 KiB): D/IRAM[0m
[0;32mI (597) heap_init: At 400987F4 len 0000780C (30 KiB): IRAM[0m
[0;32mI (605) spi_flash: detected chip: generic[0m
[0;32mI (608) spi_flash: flash io: dio[0m
[0;33mW (612) spi_flash: Detected size(4096k) larger than the size in the binary image header(2048k). Using the size in the binary image header.[0m
[0;32mI (626) coexist: coex firmware version: b6d5e8c[0m
[0;32mI (631) app_start: Starting scheduler on CPU0[0m
[0;32[0;32mI (636) app_start: Starting scheduler on CPU1[0m
mI (636) main_task: Started on CPU0[0m
[0;32mI (646) main_task: Calling app_main()[0m
[0;32mI (646) MESH-SERVER-EXAMPLE: Initializing...[0m
[0;32mI (1686) BTDM_INIT: BT controller compile version [ec4ac65][0m
[0;32mI (1686) BTDM_INIT: Bluetooth MAC: d8:bc:38:fc:1d:e2[0m
[0;32mI (1686) phy_init: phy_version 4780,16b31a7,Sep 22 2023,20:42:16[0m
[0;32mI (2176) MESH_SERVER: ESP_BLE_MESH_PROV_REGISTER_COMP_EVT, err_code 0[0m
[0;32mI (2176) MESH_SERVER: ESP_BLE_MESH_NODE_SET_UNPROV_DEV_NAME_COMP_EVT, Name: ESP-SERVER MESH, err_code 0[0m
[0;32mI (2186) MESH_SERVER: BLE Mesh Node initialized![0m
[0;32mI (2186) MESH-SERVER-EXAMPLE: Task initializing..[0m
[0;32mI (2206) MESH_SERVER: ESP_BLE_MESH_NODE_PROV_ENABLE_COMP_EVT, err_code 0[0m
[0;32mI (2206) MESH-SERVER-EXAMPLE: Task initializing..[0m
[0;31mE (2236) FreeRTOS: FreeRTOS Task "Read queue dht1" should not return, Aborting now![0m

abort() was called at PC 0x40093b5f on core 0


Backtrace: 0x40081a26:0x3ffd4b80 0x40091401:0x3ffd4ba0 0x40096a82:0x3ffd4bc0 0x40093b5f:0x3ffd4c30




ELF file SHA256: a83209f2ad1e85f2

Rebooting...
ets Jul 29 2019 12:21:46

rst:0xc (SW_CPU_RESET),boot:0x13 (SPI_FAST_FLASH_BOOT)
configsip: 0, SPIWP:0xee
clk_drv:0x00,q_drv:0x00,d_drv:0x00,cs0_drv:0x00,hd_drv:0x00,wp_drv:0x00
mode:DIO, clock div:2
load:0x3fff0030,len:7080
load:0x40078000,len:15584
load:0x40080400,len:4
ho 8 tail 4 room 4
load:0x40080404,len:3876
entry 0x4008064c
[0;32mI (31) boot: ESP-IDF v5.1.2 2nd stage bootloader[0m
[0;32mI (31) boot: compile time May 18 2024 12:00:58[0m
[0;32mI (31) boot: Multicore bootloader[0m
[0;32mI (35) boot: chip revision: v3.1[0m
[0;32mI (39) boot.esp32: SPI Speed      : 40MHz[0m
[0;32mI (44) boot.esp32: SPI Mode       : DIO[0m
[0;32mI (48) boot.esp32: SPI Flash Size : 2MB[0m
[0;32mI (53) boot: Enabling RNG early entropy source...[0m
[0;32mI (58) boot: Partition Table:[0m
[0;32mI (62) boot: ## Label            Usage          Type ST Offset   Length[0m
[0;32mI (69) boot:  0 nvs              WiFi data        01 02 00009000 00006000[0m
[0;32mI (76) boot:  1 phy_init         RF data          01 01 0000f000 00001000[0m
[0;32mI (84) boot:  2 factory          factory app      00 00 00010000 00100000[0m
[0;32mI (91) boot: End of partition table[0m
[0;32mI (96) esp_image: segment 0: paddr=00010020 vaddr=3f400020 size=2bdech (179692) map[0m
[0;32mI (169) esp_image: segment 1: paddr=0003be14 vaddr=3ffbdb60 size=04204h ( 16900) load[0m
[0;32mI (176) esp_image: segment 2: paddr=00040020 vaddr=400d0020 size=a1f70h (663408) map[0m
[0;32mI (416) esp_image: segment 3: paddr=000e1f98 vaddr=3ffc1d64 size=00f54h (  3924) load[0m
[0;32mI (417) esp_image: segment 4: paddr=000e2ef4 vaddr=40080000 size=187f4h (100340) load[0m
[0;32mI (476) boot: Loaded app from partition at offset 0x10000[0m
[0;32mI (476) boot: Disabling RNG early entropy source...[0m
[0;32mI (487) cpu_start: Multicore app[0m
[0;32mI (488) cpu_start: Pro cpu up.[0m
[0;32mI (488) cpu_start: Starting app cpu, entry point is 0x4008137c[0m
[0;32mI (475) cpu_start: App cpu up.[0m
[0;32mI (506) cpu_start: Pro cpu start user code[0m
[0;32mI (506) cpu_start: cpu freq: 160000000 Hz[0m
[0;32mI (506) cpu_start: Application information:[0m
[0;32mI (511) cpu_start: Project name:     onoff_server_s3[0m
[0;32mI (516) cpu_start: App version:      a1d81d1-dirty[0m
[0;32mI (522) cpu_start: Compile time:     Jun  5 2024 11:50:27[0m
[0;32mI (528) cpu_start: ELF file SHA256:  a83209f2ad1e85f2...[0m
[0;32mI (534) cpu_start: ESP-IDF:          v5.1.2[0m
[0;32mI (539) cpu_start: Min chip rev:     v0.0[0m
[0;32mI (543) cpu_start: Max chip rev:     v3.99 [0m
[0;32mI (548) cpu_start: Chip rev:         v3.1[0m
[0;32mI (553) heap_init: Initializing. RAM available for dynamic allocation:[0m
[0;32mI (560) heap_init: At 3FFAFF10 len 000000F0 (0 KiB): DRAM[0m
[0;32mI (566) heap_init: At 3FFB6388 len 00001C78 (7 KiB): DRAM[0m
[0;32mI (572) heap_init: At 3FFB9A20 len 00004108 (16 KiB): DRAM[0m
[0;32mI (578) heap_init: At 3FFCA4A0 len 00015B60 (86 KiB): DRAM[0m
[0;32mI (584) heap_init: At 3FFE0440 len 00003AE0 (14 KiB): D/IRAM[0m
[0;32mI (591) heap_init: At 3FFE4350 len 0001BCB0 (111 KiB): D/IRAM[0m
[0;32mI (597) heap_init: At 400987F4 len 0000780C (30 KiB): IRAM[0m
[0;32mI (605) spi_flash: detected chip: generic[0m
[0;32mI (608) spi_flash: flash io: dio[0m
[0;33mW (612) spi_flash: Detected size(4096k) larger than the size in the binary image header(2048k). Using the size in the binary image header.[0m
[0;32mI (626) coexist: coex firmware version: b6d5e8c[0m
[0;32mI (631) app_start: Starting scheduler on CPU0[0m
[0;32[0;32mI (636) app_start: Starting scheduler on CPU1[0m
mI (636) main_task: Started on CPU0[0m
[0;32mI (646) main_task: Calling app_main()[0m
[0;32mI (646) MESH-SERVER-EXAMPLE: Initializing...[0m
[0;32mI (1686) BTDM_INIT: BT controller compile version [ec4ac65][0m
[0;32mI (1686) BTDM_INIT: Bluetooth MAC: d8:bc:38:fc:1d:e2[0m
[0;32mI (1686) phy_init: phy_version 4780,16b31a7,Sep 22 2023,20:42:16[0m
[0;32mI (2176) MESH_SERVER: ESP_BLE_MESH_PROV_REGISTER_COMP_EVT, err_code 0[0m
[0;32mI (2186) MESH_SERVER: ESP_BLE_MESH_NODE_SET_UNPROV_DEV_NAME_COMP_EVT, Name: ESP-SERVER MESH, err_code 0[0m
[0;32mI (2186) MESH_SERVER: BLE Mesh Node initialized![0m
[0;32mI (2196) MESH-SERVER-EXAMPLE: Task initializing..[0m
[0;32mI (2206) MESH_SERVER: ESP_BLE_MESH_NODE_PROV_ENABLE_COMP_EVT, err_code 0[0m
[0;32mI (2206) MESH-SERVER-EXAMPLE: Task initializing..[0m
[0;31mE (2236) FreeRTOS: FreeRTOS Task "Read queue dht1" should not return, Aborting now![0m

abort() was called at PC 0x40093b5f on core 0


Backtrace: 0x40081a26:0x3ffd4b80 0x40091401:0x3ffd4ba0 0x40096a82:0x3ffd4bc0 0x40093b5f:0x3ffd4c30




ELF file SHA256: a83209f2ad1e85f2

Rebooting...
ets Jul 29 2019 12:21:46

rst:0xc (SW_CPU_RESET),boot:0x13 (SPI_FAST_FLASH_BOOT)
configsip: 0, SPIWP:0xee
clk_drv:0x00,q_drv:0x00,d_drv:0x00,cs0_drv:0x00,hd_drv:0x00,wp_drv:0x00
mode:DIO, clock div:2
load:0x3fff0030,len:7080
load:0x40078000,len:15584
load:0x40080400,len:4
ho 8 tail 4 room 4
load:0x40080404,len:3876
entry 0x4008064c
[0;32mI (31) boot: ESP-IDF v5.1.2 2nd stage bootloader[0m
[0;32mI (31) boot: compile time May 18 2024 12:00:58[0m
[0;32mI (31) boot: Multicore bootloader[0m
[0;32mI (35) boot: chip revision: v3.1[0m
[0;32mI (39) boot.esp32: SPI Speed      : 40MHz[0m
[0;32mI (44) boot.esp32: SPI Mode       : DIO[0m
[0;32mI (48) boot.esp32: SPI Flash Size : 2MB[0m
[0;32mI (53) boot: Enabling RNG early entropy source...[0m
[0;32mI (58) boot: Partition Table:[0m
[0;32mI (62) boot: ## Label            Usage          Type ST Offset   Length[0m
[0;32mI (69) boot:  0 nvs              WiFi data        01 02 00009000 00006000[0m
[0;32mI (76) boot:  1 phy_init         RF data          01 01 0000f000 00001000[0m
[0;32mI (84) boot:  2 factory          factory app      00 00 00010000 00100000[0m
[0;32mI (91) boot: End of partition table[0m
[0;32mI (96) esp_image: segment 0: paddr=00010020 vaddr=3f400020 size=2bdech (179692) map[0m
[0;32mI (169) esp_image: segment 1: paddr=0003be14 vaddr=3ffbdb60 size=04204h ( 16900) load[0m
[0;32mI (176) esp_image: segment 2: paddr=00040020 vaddr=400d0020 size=a1f70h (663408) map[0m
[0;32mI (416) esp_image: segment 3: paddr=000e1f98 vaddr=3ffc1d64 size=00f54h (  3924) load[0m
[0;32mI (417) esp_image: segment 4: paddr=000e2ef4 vaddr=40080000 size=187f4h (100340) load[0m
[0;32mI (476) boot: Loaded app from partition at offset 0x10000[0m
[0;32mI (476) boot: Disabling RNG early entropy source...[0m
[0;32mI (487) cpu_start: Multicore app[0m
[0;32mI (488) cpu_start: Pro cpu up.[0m
[0;32mI (488) cpu_start: Starting app cpu, entry point is 0x4008137c[0m
[0;32mI (475) cpu_start: App cpu up.[0m
[0;32mI (506) cpu_start: Pro cpu start user code[0m
[0;32mI (506) cpu_start: cpu freq: 160000000 Hz[0m
[0;32mI (506) cpu_start: Application information:[0m
[0;32mI (511) cpu_start: Project name:     onoff_server_s3[0m
[0;32mI (516) cpu_start: App version:      a1d81d1-dirty[0m
[0;32mI (522) cpu_start: Compile time:     Jun  5 2024 11:50:27[0m
[0;32mI (528) cpu_start: ELF file SHA256:  a83209f2ad1e85f2...[0m
[0;32mI (534) cpu_start: ESP-IDF:          v5.1.2[0m
[0;32mI (539) cpu_start: Min chip rev:     v0.0[0m
[0;32mI (543) cpu_start: Max chip rev:     v3.99 [0m
[0;32mI (548) cpu_start: Chip rev:         v3.1[0m
[0;32mI (553) heap_init: Initializing. RAM available for dynamic allocation:[0m
[0;32mI (560) heap_init: At 3FFAFF10 len 000000F0 (0 KiB): DRAM[0m
[0;32mI (566) heap_init: At 3FFB6388 len 00001C78 (7 KiB): DRAM[0m
[0;32mI (572) heap_init: At 3FFB9A20 len 00004108 (16 KiB): DRAM[0m
[0;32mI (578) heap_init: At 3FFCA4A0 len 00015B60 (86 KiB): DRAM[0m
[0;32mI (584) heap_init: At 3FFE0440 len 00003AE0 (14 KiB): D/IRAM[0m
[0;32mI (591) heap_init: At 3FFE4350 len 0001BCB0 (111 KiB): D/IRAM[0m
[0;32mI (597) heap_init: At 400987F4 len 0000780C (30 KiB): IRAM[0m
[0;32mI (605) spi_flash: detected chip: generic[0m
[0;32mI (608) spi_flash: flash io: dio[0m
[0;33mW (612) spi_flash: Detected size(4096k) larger than the size in the binary image header(2048k). Using the size in the binary image header.[0m
[0;32mI (626) coexist: coex firmware version: b6d5e8c[0m
[0;32mI (631) app_start: Starting scheduler on CPU0[0m
[0;32[0;32mI (635) app_start: Starting scheduler on CPU1[0m
mI (635) main_task: Started on CPU0[0m
[0;32mI (645) main_task: Calling app_main()[0m
[0;32mI (645) MESH-SERVER-EXAMPLE: Initializing...[0m
[0;32mI (1685) BTDM_INIT: BT controller compile version [ec4ac65][0m
[0;32mI (1685) BTDM_INIT: Bluetooth MAC: d8:bc:38:fc:1d:e2[0m
[0;32mI (1685) phy_init: phy_version 4780,16b31a7,Sep 22 2023,20:42:16[0m
[0;32mI (2175) MESH_SERVER: ESP_BLE_MESH_PROV_REGISTER_COMP_EVT, err_code 0[0m
[0;32mI (2175) MESH_SERVER: ESP_BLE_MESH_NODE_SET_UNPROV_DEV_NAME_COMP_EVT, Name: ESP-SERVER MESH, err_code 0[0m
[0;32mI (2185) MESH_SERVER: BLE Mesh Node initialized![0m
[0;32mI (2185) MESH-SERVER-EXAMPLE: Task initializing..[0m
[0;32mI (2205) MESH_SERVER: ESP_BLE_MESH_NODE_PROV_ENABLE_COMP_EVT, err_code 0[0m
[0;32mI (2205) MESH-SERVER-EXAMPLE: Task initializing..[0m
[0;31mE (2235) FreeRTOS: FreeRTOS Task "Read queue dht1" should not return, Aborting now![0m

abort() was called at PC 0x40093b5f on core 0


Backtrace: 0x40081a26:0x3ffd4b80 0x40091401:0x3ffd4ba0 0x40096a82:0x3ffd4bc0 0x40093b5f:0x3ffd4c30




ELF file SHA256: a83209f2ad1e85f2

Rebooting...
ets Jul 29 2019 12:21:46

rst:0xc (SW_CPU_RESET),boot:0x13 (SPI_FAST_FLASH_BOOT)
configsip: 0, SPIWP:0xee
clk_drv:0x00,q_drv:0x00,d_drv:0x00,cs0_drv:0x00,hd_drv:0x00,wp_drv:0x00
mode:DIO, clock div:2
load:0x3fff0030,len:7080
load:0x40078000,len:15584
load:0x40080400,len:4
ho 8 tail 4 room 4
load:0x40080404,len:3876
entry 0x4008064c
[0;32mI (31) boot: ESP-IDF v5.1.2 2nd stage bootloader[0m
[0;32mI (31) boot: compile time May 18 2024 12:00:58[0m
[0;32mI (31) boot: Multicore bootloader[0m
[0;32mI (35) boot: chip revision: v3.1[0m
[0;32mI (39) boot.esp32: SPI Speed      : 40MHz[0m
[0;32mI (44) boot.esp32: SPI Mode       : DIO[0m
[0;32mI (48) boot.esp32: SPI Flash Size : 2MB[0m
[0;32mI (53) boot: Enabling RNG early entropy source...[0m
[0;32mI (58) boot: Partition Table:[0m
[0;32mI (62) boot: ## Label            Usage          Type ST Offset   Length[0m
[0;32mI (69) boot:  0 nvs              WiFi data        01 02 00009000 00006000[0m
[0;32mI (76) boot:  1 phy_init         RF data          01 01 0000f000 00001000[0m
[0;32mI (84) boot:  2 factory          factory app      00 00 00010000 00100000[0m
[0;32mI (91) boot: End of partition table[0m
[0;32mI (96) esp_image: segment 0: paddr=00010020 vaddr=3f400020 size=2bdech (179692) map[0m
[0;32mI (169) esp_image: segment 1: paddr=0003be14 vaddr=3ffbdb60 size=04204h ( 16900) load[0m
[0;32mI (176) esp_image: segment 2: paddr=00040020 vaddr=400d0020 size=a1f70h (663408) map[0m
[0;32mI (416) esp_image: segment 3: paddr=000e1f98 vaddr=3ffc1d64 size=00f54h (  3924) load[0m
[0;32mI (417) esp_image: segment 4: paddr=000e2ef4 vaddr=40080000 size=187f4h (100340) load[0m
[0;32mI (476) boot: Loaded app from partition at offset 0x10000[0m
[0;32mI (476) boot: Disabling RNG early entropy source...[0m
[0;32mI (487) cpu_start: Multicore app[0m
[0;32mI (488) cpu_start: Pro cpu up.[0m
[0;32mI (488) cpu_start: Starting app cpu, entry point is 0x4008137c[0m
[0;32mI (475) cpu_start: App cpu up.[0m
[0;32mI (506) cpu_start: Pro cpu start user code[0m
[0;32mI (506) cpu_start: cpu freq: 160000000 Hz[0m
[0;32mI (506) cpu_start: Application information:[0m
[0;32mI (511) cpu_start: Project name:     onoff_server_s3[0m
[0;32mI (516) cpu_start: App version:      a1d81d1-dirty[0m
[0;32mI (522) cpu_start: Compile time:     Jun  5 2024 11:50:27[0m
[0;32mI (528) cpu_start: ELF file SHA256:  a83209f2ad1e85f2...[0m
[0;32mI (534) cpu_start: ESP-IDF:          v5.1.2[0m
[0;32mI (539) cpu_start: Min chip rev:     v0.0[0m
[0;32mI (543) cpu_start: Max chip rev:     v3.99 [0m
[0;32mI (548) cpu_start: Chip rev:         v3.1[0m
[0;32mI (553) heap_init: Initializing. RAM available for dynamic allocation:[0m
[0;32mI (560) heap_init: At 3FFAFF10 len 000000F0 (0 KiB): DRAM[0m
[0;32mI (566) heap_init: At 3FFB6388 len 00001C78 (7 KiB): DRAM[0m
[0;32mI (572) heap_init: At 3FFB9A20 len 00004108 (16 KiB): DRAM[0m
[0;32mI (578) heap_init: At 3FFCA4A0 len 00015B60 (86 KiB): DRAM[0m
[0;32mI (584) heap_init: At 3FFE0440 len 00003AE0 (14 KiB): D/IRAM[0m
[0;32mI (591) heap_init: At 3FFE4350 len 0001BCB0 (111 KiB): D/IRAM[0m
[0;32mI (597) heap_init: At 400987F4 len 0000780C (30 KiB): IRAM[0m
[0;32mI (605) spi_flash: detected chip: generic[0m
[0;32mI (608) spi_flash: flash io: dio[0m
[0;33mW (612) spi_flash: Detected size(4096k) larger than the size in the binary image header(2048k). Using the size in the binary image header.[0m
[0;32mI (626) coexist: coex firmware version: b6d5e8c[0m
[0;32mI (631) app_start: Starting scheduler on CPU0[0m
[0;32[0;32mI (635) app_start: Starting scheduler on CPU1[0m
mI (635) main_task: Started on CPU0[0m
[0;32mI (645) main_task: Calling app_main()[0m
[0;32mI (645) MESH-SERVER-EXAMPLE: Initializing...[0m
[0;32mI (1685) BTDM_INIT: BT controller compile version [ec4ac65][0m
[0;32mI (1685) BTDM_INIT: Bluetooth MAC: d8:bc:38:fc:1d:e2[0m
[0;32mI (1685) phy_init: phy_version 4780,16b31a7,Sep 22 2023,20:42:16[0m
[0;32mI (2175) MESH_SERVER: ESP_BLE_MESH_PROV_REGISTER_COMP_EVT, err_code 0[0m
[0;32mI (2175) MESH_SERVER: ESP_BLE_MESH_NODE_SET_UNPROV_DEV_NAME_COMP_EVT, Name: ESP-SERVER MESH, err_code 0[0m
[0;32mI (2185) MESH_SERVER: BLE Mesh Node initialized![0m
[0;32mI (2185) MESH-SERVER-EXAMPLE: Task initializing..[0m
[0;32mI (2195) MESH_SERVER: ESP_BLE_MESH_NODE_PROV_ENABLE_COMP_EVT, err_code 0[0m
[0;32mI (2195) MESH-SERVER-EXAMPLE: Task initializing..[0m
[0;31mE (2225) FreeRTOS: FreeRTOS Task "Read queue dht1" should not return, Aborting now![0m

abort() was called at PC 0x40093b5f on core 0


Backtrace: 0x40081a26:0x3ffd4b80 0x40091401:0x3ffd4ba0 0x40096a82:0x3ffd4bc0 0x40093b5f:0x3ffd4c30




ELF file SHA256: a83209f2ad1e85f2

Rebooting...
ets Jul 29 2019 12:21:46

rst:0xc (SW_CPU_RESET),boot:0x13 (SPI_FAST_FLASH_BOOT)
configsip: 0, SPIWP:0xee
clk_drv:0x00,q_drv:0x00,d_drv:0x00,cs0_drv:0x00,hd_drv:0x00,wp_drv:0x00
mode:DIO, clock div:2
load:0x3fff0030,len:7080
load:0x40078000,len:15584
load:0x40080400,len:4
ho 8 tail 4 room 4
load:0x40080404,len:3876
entry 0x4008064c
[0;32mI (31) boot: ESP-IDF v5.1.2 2nd stage bootloader[0m
[0;32mI (31) boot: compile time May 18 2024 12:00:58[0m
[0;32mI (31) boot: Multicore bootloader[0m
[0;32mI (35) boot: chip revision: v3.1[0m
[0;32mI (39) boot.esp32: SPI Speed      : 40MHz[0m
[0;32mI (44) boot.esp32: SPI Mode       : DIO[0m
[0;32mI (48) boot.esp32: SPI Flash Size : 2MB[0m
[0;32mI (53) boot: Enabling RNG early entropy source...[0m
[0;32mI (58) boot: Partition Table:[0m
[0;32mI (62) boot: ## Label            Usage          Type ST Offset   Length[0m
[0;32mI (69) boot:  0 nvs              WiFi data        01 02 00009000 00006000[0m
[0;32mI (76) boot:  1 phy_init         RF data          01 01 0000f000 00001000[0m
[0;32mI (84) boot:  2 factory          factory app      00 00 00010000 00100000[0m
[0;32mI (91) boot: End of partition table[0m
[0;32mI (96) esp_image: segment 0: paddr=00010020 vaddr=3f400020 size=2bdech (179692) map[0m
[0;32mI (169) esp_image: segment 1: paddr=0003be14 vaddr=3ffbdb60 size=04204h ( 16900) load[0m
[0;32mI (176) esp_image: segment 2: paddr=00040020 vaddr=400d0020 size=a1f70h (663408) map[0m
[0;32mI (416) esp_image: segment 3: paddr=000e1f98 vaddr=3ffc1d64 size=00f54h (  3924) load[0m
[0;32mI (417) esp_image: segment 4: paddr=000e2ef4 vaddr=40080000 size=187f4h (100340) load[0m
[0;32mI (476) boot: Loaded app from partition at offset 0x10000[0m
[0;32mI (476) boot: Disabling RNG early entropy source...[0m
[0;32mI (487) cpu_start: Multicore app[0m
[0;32mI (488) cpu_start: Pro cpu up.[0m
[0;32mI (488) cpu_start: Starting app cpu, entry point is 0x4008137c[0m
[0;32mI (475) cpu_start: App cpu up.[0m
[0;32mI (506) cpu_start: Pro cpu start user code[0m
[0;32mI (506) cpu_start: cpu freq: 160000000 Hz[0m
[0;32mI (506) cpu_start: Application information:[0m
[0;32mI (511) cpu_start: Project name:     onoff_server_s3[0m
[0;32mI (516) cpu_start: App version:      a1d81d1-dirty[0m
[0;32mI (522) cpu_start: Compile time:     Jun  5 2024 11:50:27[0m
[0;32mI (528) cpu_start: ELF file SHA256:  a83209f2ad1e85f2...[0m
[0;32mI (534) cpu_start: ESP-IDF:          v5.1.2[0m
[0;32mI (539) cpu_start: Min chip rev:     v0.0[0m
[0;32mI (543) cpu_start: Max chip rev:     v3.99 [0m
[0;32mI (548) cpu_start: Chip rev:         v3.1[0m
[0;32mI (553) heap_init: Initializing. RAM available for dynamic allocation:[0m
[0;32mI (560) heap_init: At 3FFAFF10 len 000000F0 (0 KiB): DRAM[0m
[0;32mI (566) heap_init: At 3FFB6388 len 00001C78 (7 KiB): DRAM[0m
[0;32mI (572) heap_init: At 3FFB9A20 len 00004108 (16 KiB): DRAM[0m
[0;32mI (578) heap_init: At 3FFCA4A0 len 00015B60 (86 KiB): DRAM[0m
[0;32mI (584) heap_init: At 3FFE0440 len 00003AE0 (14 KiB): D/IRAM[0m
[0;32mI (591) heap_init: At 3FFE4350 len 0001BCB0 (111 KiB): D/IRAM[0m
[0;32mI (597) heap_init: At 400987F4 len 0000780C (30 KiB): IRAM[0m
[0;32mI (605) spi_flash: detected chip: generic[0m
[0;32mI (608) spi_flash: flash io: dio[0m
[0;33mW (612) spi_flash: Detected size(4096k) larger than the size in the binary image header(2048k). Using the size in the binary image header.[0m
[0;32mI (626) coexist: coex firmware version: b6d5e8c[0m
[0;32mI (631) app_start: Starting scheduler on CPU0[0m
[0;32[0;32mI (635) app_start: Starting scheduler on CPU1[0m
mI (635) main_task: Started on CPU0[0m
[0;32mI (645) main_task: Calling app_main()[0m
[0;32mI (645) MESH-SERVER-EXAMPLE: Initializing...[0m
[0;32mI (1685) BTDM_INIT: BT controller compile version [ec4ac65][0m
[0;32mI (1685) BTDM_INIT: Bluetooth MAC: d8:bc:38:fc:1d:e2[0m
[0;32mI (1685) phy_init: phy_version 4780,16b31a7,Sep 22 2023,20:42:16[0m
[0;32mI (2165) MESH_SERVER: ESP_BLE_MESH_PROV_REGISTER_COMP_EVT, err_code 0[0m
[0;32mI (2165) MESH_SERVER: ESP_BLE_MESH_NODE_SET_UNPROV_DEV_NAME_COMP_EVT, Name: ESP-SERVER MESH, err_code 0[0m
[0;32mI (2175) MESH_SERVER: BLE Mesh Node initialized![0m
[0;32mI (2185) MESH-SERVER-EXAMPLE: Task initializing..[0m
[0;32mI (2195) MESH_SERVER: ESP_BLE_MESH_NODE_PROV_ENABLE_COMP_EVT, err_code 0[0m
[0;32mI (2195) MESH-SERVER-EXAMPLE: Task initializing..[0m
[0;31mE (2225) FreeRTOS: FreeRTOS Task "Read queue dht1" should not return, Aborting now![0m

abort() was called at PC 0x40093b5f on core 0


Backtrace: 0x40081a26:0x3ffd4b80 0x40091401:0x3ffd4ba0 0x40096a82:0x3ffd4bc0 0x40093b5f:0x3ffd4c30




ELF file SHA256: a83209f2ad1e85f2

Rebooting...
ets Jul 29 2019 12:21:46

rst:0xc (SW_CPU_RESET),boot:0x13 (SPI_FAST_FLASH_BOOT)
configsip: 0, SPIWP:0xee
clk_drv:0x00,q_drv:0x00,d_drv:0x00,cs0_drv:0x00,hd_drv:0x00,wp_drv:0x00
mode:DIO, clock div:2
load:0x3fff0030,len:7080
load:0x40078000,len:15584
load:0x40080400,len:4
ho 8 tail 4 room 4
load:0x40080404,len:3876
entry 0x4008064c
[0;32mI (31) boot: ESP-IDF v5.1.2 2nd stage bootloader[0m
[0;32mI (31) boot: compile time May 18 2024 12:00:58[0m
[0;32mI (31) boot: Multicore bootloader[0m
[0;32mI (35) boot: chip revision: v3.1[0m
[0;32mI (39) boot.esp32: SPI Speed      : 40MHz[0m
[0;32mI (44) boot.esp32: SPI Mode       : DIO[0m
[0;32mI (48) boot.esp32: SPI Flash Size : 2MB[0m
[0;32mI (53) boot: Enabling RNG early entropy source...[0m
[0;32mI (58) boot: Partition Table:[0m
[0;32mI (62) boot: ## Label            Usage          Type ST Offset   Length[0m
[0;32mI (69) boot:  0 nvs              WiFi data        01 02 00009000 00006000[0m
[0;32mI (76) boot:  1 phy_init         RF data          01 01 0000f000 00001000[0m
[0;32mI (84) boot:  2 factory          factory app      00 00 00010000 00100000[0m
[0;32mI (91) boot: End of partition table[0m
[0;32mI (96) esp_image: segment 0: paddr=00010020 vaddr=3f400020 size=2bdech (179692) map[0m
[0;32mI (169) esp_image: segment 1: paddr=0003be14 vaddr=3ffbdb60 size=04204h ( 16900) load[0m
[0;32mI (176) esp_image: segment 2: paddr=00040020 vaddr=400d0020 size=a1f70h (663408) map[0m
[0;32mI (416) esp_image: segment 3: paddr=000e1f98 vaddr=3ffc1d64 size=00f54h (  3924) load[0m
[0;32mI (417) esp_image: segment 4: paddr=000e2ef4 vaddr=40080000 size=187f4h (100340) load[0m
[0;32mI (476) boot: Loaded app from partition at offset 0x10000[0m
[0;32mI (476) boot: Disabling RNG early entropy source...[0m
[0;32mI (487) cpu_start: Multicore app[0m
[0;32mI (488) cpu_start: Pro cpu up.[0m
[0;32mI (488) cpu_start: Starting app cpu, entry point is 0x4008137c[0m
[0;32mI (475) cpu_start: App cpu up.[0m
[0;32mI (506) cpu_start: Pro cpu start user code[0m
[0;32mI (506) cpu_start: cpu freq: 160000000 Hz[0m
[0;32mI (506) cpu_start: Application information:[0m
[0;32mI (511) cpu_start: Project name:     onoff_server_s3[0m
[0;32mI (516) cpu_start: App version:      a1d81d1-dirty[0m
[0;32mI (522) cpu_start: Compile time:     Jun  5 2024 11:50:27[0m
[0;32mI (528) cpu_start: ELF file SHA256:  a83209f2ad1e85f2...[0m
[0;32mI (534) cpu_start: ESP-IDF:          v5.1.2[0m
[0;32mI (539) cpu_start: Min chip rev:     v0.0[0m
[0;32mI (543) cpu_start: Max chip rev:     v3.99 [0m
[0;32mI (548) cpu_start: Chip rev:         v3.1[0m
[0;32mI (553) heap_init: Initializing. RAM available for dynamic allocation:[0m
[0;32mI (560) heap_init: At 3FFAFF10 len 000000F0 (0 KiB): DRAM[0m
[0;32mI (566) heap_init: At 3FFB6388 len 00001C78 (7 KiB): DRAM[0m
[0;32mI (572) heap_init: At 3FFB9A20 len 00004108 (16 KiB): DRAM[0m
[0;32mI (578) heap_init: At 3FFCA4A0 len 00015B60 (86 KiB): DRAM[0m
[0;32mI (584) heap_init: At 3FFE0440 len 00003AE0 (14 KiB): D/IRAM[0m
[0;32mI (591) heap_init: At 3FFE4350 len 0001BCB0 (111 KiB): D/IRAM[0m
[0;32mI (597) heap_init: At 400987F4 len 0000780C (30 KiB): IRAM[0m
[0;32mI (605) spi_flash: detected chip: generic[0m
[0;32mI (608) spi_flash: flash io: dio[0m
[0;33mW (612) spi_flash: Detected size(4096k) larger than the size in the binary image header(2048k). Using the size in the binary image header.[0m
[0;32mI (626) coexist: coex firmware version: b6d5e8c[0m
[0;32mI (631) app_start: Starting scheduler on CPU0[0m
[0;32[0;32mI (635) app_start: Starting scheduler on CPU1[0m
mI (635) main_task: Started on CPU0[0m
[0;32mI (645) main_task: Calling app_main()[0m
[0;32mI (645) MESH-SERVER-EXAMPLE: Initializing...[0m
[0;32mI (1685) BTDM_INIT: BT controller compile version [ec4ac65][0m
[0;32mI (1685) BTDM_INIT: Bluetooth MAC: d8:bc:38:fc:1d:e2[0m
[0;32mI (1685) phy_init: phy_version 4780,16b31a7,Sep 22 2023,20:42:16[0m
[0;32mI (2185) MESH_SERVER: ESP_BLE_MESH_PROV_REGISTER_COMP_EVT, err_code 0[0m
[0;32mI (2185) MESH_SERVER: ESP_BLE_MESH_NODE_SET_UNPROV_DEV_NAME_COMP_EVT, Name: ESP-SERVER MESH, err_code 0[0m
[0;32mI (2185) MESH_SERVER: BLE Mesh Node initialized![0m
[0;32mI (2195) MESH-SERVER-EXAMPLE: Task initializing..[0m
[0;32mI (2205) MESH_SERVER: ESP_BLE_MESH_NODE_PROV_ENABLE_COMP_EVT, err_code 0[0m
[0;32mI (2205) MESH-SERVER-EXAMPLE: Task initializing..[0m
[0;31mE (2235) FreeRTOS: FreeRTOS Task "Read queue dht1" should not return, Aborting now![0m

abort() was called at PC 0x40093b5f on core 0


Backtrace: 0x40081a26:0x3ffd4b80 0x40091401:0x3ffd4ba0 0x40096a82:0x3ffd4bc0 0x40093b5f:0x3ffd4c30




ELF file SHA256: a83209f2ad1e85f2

Rebooting...
ets Jul 29 2019 12:21:46

rst:0xc (SW_CPU_RESET),boot:0x13 (SPI_FAST_FLASH_BOOT)
configsip: 0, SPIWP:0xee
clk_drv:0x00,q_drv:0x00,d_drv:0x00,cs0_drv:0x00,hd_drv:0x00,wp_drv:0x00
mode:DIO, clock div:2
load:0x3fff0030,len:7080
load:0x40078000,len:15584
load:0x40080400,len:4
ho 8 tail 4 room 4
load:0x40080404,len:3876
entry 0x4008064c
[0;32mI (31) boot: ESP-IDF v5.1.2 2nd stage bootloader[0m
[0;32mI (31) boot: compile time May 18 2024 12:00:58[0m
[0;32mI (31) boot: Multicore bootloader[0m
[0;32mI (35) boot: chip revision: v3.1[0m
[0;32mI (39) boot.esp32: SPI Speed      : 40MHz[0m
[0;32mI (44) boot.esp32: SPI Mode       : DIO[0m
[0;32mI (48) boot.esp32: SPI Flash Size : 2MB[0m
[0;32mI (53) boot: Enabling RNG early entropy source...[0m
[0;32mI (58) boot: Partition Table:[0m
[0;32mI (62) boot: ## Label            Usage          Type ST Offset   Length[0m
[0;32mI (69) boot:  0 nvs              WiFi data        01 02 00009000 00006000[0m
[0;32mI (76) boot:  1 phy_init         RF data          01 01 0000f000 00001000[0m
[0;32mI (84) boot:  2 factory          factory app      00 00 00010000 00100000[0m
[0;32mI (91) boot: End of partition table[0m
[0;32mI (96) esp_image: segment 0: paddr=00010020 vaddr=3f400020 size=2bdech (179692) map[0m
[0;32mI (169) esp_image: segment 1: paddr=0003be14 vaddr=3ffbdb60 size=04204h ( 16900) load[0m
[0;32mI (176) esp_image: segment 2: paddr=00040020 vaddr=400d0020 size=a1f70h (663408) map[0m
[0;32mI (416) esp_image: segment 3: paddr=000e1f98 vaddr=3ffc1d64 size=00f54h (  3924) load[0m
[0;32mI (417) esp_image: segment 4: paddr=000e2ef4 vaddr=40080000 size=187f4h (100340) load[0m
[0;32mI (476) boot: Loaded app from partition at offset 0x10000[0m
[0;32mI (476) boot: Disabling RNG early entropy source...[0m
[0;32mI (487) cpu_start: Multicore app[0m
[0;32mI (488) cpu_start: Pro cpu up.[0m
[0;32mI (488) cpu_start: Starting app cpu, entry point is 0x4008137c[0m
[0;32mI (475) cpu_start: App cpu up.[0m
[0;32mI (506) cpu_start: Pro cpu start user code[0m
[0;32mI (506) cpu_start: cpu freq: 160000000 Hz[0m
[0;32mI (506) cpu_start: Application information:[0m
[0;32mI (511) cpu_start: Project name:     onoff_server_s3[0m
[0;32mI (516) cpu_start: App version:      a1d81d1-dirty[0m
[0;32mI (522) cpu_start: Compile time:     Jun  5 2024 11:50:27[0m
[0;32mI (528) cpu_start: ELF file SHA256:  a83209f2ad1e85f2...[0m
[0;32mI (534) cpu_start: ESP-IDF:          v5.1.2[0m
[0;32mI (539) cpu_start: Min chip rev:     v0.0[0m
[0;32mI (543) cpu_start: Max chip rev:     v3.99 [0m
[0;32mI (548) cpu_start: Chip rev:         v3.1[0m
[0;32mI (553) heap_init: Initializing. RAM available for dynamic allocation:[0m
[0;32mI (560) heap_init: At 3FFAFF10 len 000000F0 (0 KiB): DRAM[0m
[0;32mI (566) heap_init: At 3FFB6388 len 00001C78 (7 KiB): DRAM[0m
[0;32mI (572) heap_init: At 3FFB9A20 len 00004108 (16 KiB): DRAM[0m
[0;32mI (578) heap_init: At 3FFCA4A0 len 00015B60 (86 KiB): DRAM[0m
[0;32mI (584) heap_init: At 3FFE0440 len 00003AE0 (14 KiB): D/IRAM[0m
[0;32mI (591) heap_init: At 3FFE4350 len 0001BCB0 (111 KiB): D/IRAM[0m
[0;32mI (597) heap_init: At 400987F4 len 0000780C (30 KiB): IRAM[0m
[0;32mI (605) spi_flash: detected chip: generic[0m
[0;32mI (608) spi_flash: flash io: dio[0m
[0;33mW (612) spi_flash: Detected size(4096k) larger than the size in the binary image header(2048k). Using the size in the binary image header.[0m
[0;32mI (626) coexist: coex firmware version: b6d5e8c[0m
[0;32mI (631) app_start: Starting scheduler on CPU0[0m
[0;32[0;32mI (635) app_start: Starting scheduler on CPU1[0m
mI (635) main_task: Started on CPU0[0m
[0;32mI (645) main_task: Calling app_main()[0m
[0;32mI (645) MESH-SERVER-EXAMPLE: Initializing...[0m
[0;32mI (1685) BTDM_INIT: BT controller compile version [ec4ac65][0m
[0;32mI (1685) BTDM_INIT: Bluetooth MAC: d8:bc:38:fc:1d:e2[0m
[0;32mI (1685) phy_init: phy_version 4780,16b31a7,Sep 22 2023,20:42:16[0m
[0;32mI (2175) MESH_SERVER: ESP_BLE_MESH_PROV_REGISTER_COMP_EVT, err_code 0[0m
[0;32mI (2175) MESH_SERVER: ESP_BLE_MESH_NODE_SET_UNPROV_DEV_NAME_COMP_EVT, Name: ESP-SERVER MESH, err_code 0[0m
[0;32mI (2175) MESH_SERVER: BLE Mesh Node initialized![0m
[0;32mI (2185) MESH-SERVER-EXAMPLE: Task initializing..[0m
[0;32mI (2195) MESH_SERVER: ESP_BLE_MESH_NODE_PROV_ENABLE_COMP_EVT, err_code 0[0m
[0;32mI (2195) MESH-SERVER-EXAMPLE: Task initializing..[0m
[0;31mE (2225) FreeRTOS: FreeRTOS Task "Read queue dht1" should not return, Aborting now![0m

abort() was called at PC 0x40093b5f on core 0


Backtrace: 0x40081a26:0x3ffd4b80 0x40091401:0x3ffd4ba0 0x40096a82:0x3ffd4bc0 0x40093b5f:0x3ffd4c30




ELF file SHA256: a83209f2ad1e85f2

Rebooting...
ets Jul 29 2019 12:21:46

rst:0xc (SW_CPU_RESET),boot:0x13 (SPI_FAST_FLASH_BOOT)
configsip: 0, SPIWP:0xee
clk_drv:0x00,q_drv:0x00,d_drv:0x00,cs0_drv:0x00,hd_drv:0x00,wp_drv:0x00
mode:DIO, clock div:2
load:0x3fff0030,len:7080
load:0x40078000,len:15584
load:0x40080400,len:4
ho 8 tail 4 room 4
load:0x40080404,len:3876
entry 0x4008064c
[0;32mI (31) boot: ESP-IDF v5.1.2 2nd stage bootloader[0m
[0;32mI (31) boot: compile time May 18 2024 12:00:58[0m
[0;32mI (31) boot: Multicore bootloader[0m
[0;32mI (35) boot: chip revision: v3.1[0m
[0;32mI (39) boot.esp32: SPI Speed      : 40MHz[0m
[0;32mI (44) boot.esp32: SPI Mode       : DIO[0m
[0;32mI (48) boot.esp32: SPI Flash Size : 2MB[0m
[0;32mI (53) boot: Enabling RNG early entropy source...[0m
[0;32mI (58) boot: Partition Table:[0m
[0;32mI (62) boot: ## Label            Usage          Type ST Offset   Length[0m
[0;32mI (69) boot:  0 nvs              WiFi data        01 02 00009000 00006000[0m
[0;32mI (76) boot:  1 phy_init         RF data          01 01 0000f000 00001000[0m
[0;32mI (84) boot:  2 factory          factory app      00 00 00010000 00100000[0m
[0;32mI (91) boot: End of partition table[0m
[0;32mI (96) esp_image: segment 0: paddr=00010020 vaddr=3f400020 size=2bdech (179692) map[0m
[0;32mI (169) esp_image: segment 1: paddr=0003be14 vaddr=3ffbdb60 size=04204h ( 16900) load[0m
[0;32mI (176) esp_image: segment 2: paddr=00040020 vaddr=400d0020 size=a1f70h (663408) map[0m
[0;32mI (416) esp_image: segment 3: paddr=000e1f98 vaddr=3ffc1d64 size=00f54h (  3924) load[0m
[0;32mI (417) esp_image: segment 4: paddr=000e2ef4 vaddr=40080000 size=187f4h (100340) load[0m
[0;32mI (476) boot: Loaded app from partition at offset 0x10000[0m
[0;32mI (476) boot: Disabling RNG early entropy source...[0m
[0;32mI (487) cpu_start: Multicore app[0m
[0;32mI (488) cpu_start: Pro cpu up.[0m
[0;32mI (488) cpu_start: Starting app cpu, entry point is 0x4008137c[0m
[0;32mI (475) cpu_start: App cpu up.[0m
[0;32mI (506) cpu_start: Pro cpu start user code[0m
[0;32mI (506) cpu_start: cpu freq: 160000000 Hz[0m
[0;32mI (506) cpu_start: Application information:[0m
[0;32mI (511) cpu_start: Project name:     onoff_server_s3[0m
[0;32mI (516) cpu_start: App version:      a1d81d1-dirty[0m
[0;32mI (522) cpu_start: Compile time:     Jun  5 2024 11:50:27[0m
[0;32mI (528) cpu_start: ELF file SHA256:  a83209f2ad1e85f2...[0m
[0;32mI (534) cpu_start: ESP-IDF:          v5.1.2[0m
[0;32mI (539) cpu_start: Min chip rev:     v0.0[0m
[0;32mI (543) cpu_start: Max chip rev:     v3.99 [0m
[0;32mI (548) cpu_start: Chip rev:         v3.1[0m
[0;32mI (553) heap_init: Initializing. RAM available for dynamic allocation:[0m
[0;32mI (560) heap_init: At 3FFAFF10 len 000000F0 (0 KiB): DRAM[0m
[0;32mI (566) heap_init: At 3FFB6388 len 00001C78 (7 KiB): DRAM[0m
[0;32mI (572) heap_init: At 3FFB9A20 len 00004108 (16 KiB): DRAM[0m
[0;32mI (578) heap_init: At 3FFCA4A0 len 00015B60 (86 KiB): DRAM[0m
[0;32mI (584) heap_init: At 3FFE0440 len 00003AE0 (14 KiB): D/IRAM[0m
[0;32mI (591) heap_init: At 3FFE4350 len 0001BCB0 (111 KiB): D/IRAM[0m
[0;32mI (597) heap_init: At 400987F4 len 0000780C (30 KiB): IRAM[0m
[0;32mI (605) spi_flash: detected chip: generic[0m
[0;32mI (608) spi_flash: flash io: dio[0m
[0;33mW (612) spi_flash: Detected size(4096k) larger than the size in the binary image header(2048k). Using the size in the binary image header.[0m
[0;32mI (626) coexist: coex firmware version: b6d5e8c[0m
[0;32mI (631) app_start: Starting scheduler on CPU0[0m
[0;32[0;32mI (636) app_start: Starting scheduler on CPU1[0m
mI (636) main_task: Started on CPU0[0m
[0;32mI (646) main_task: Calling app_main()[0m
[0;32mI (646) MESH-SERVER-EXAMPLE: Initializing...[0m
[0;32mI (1686) BTDM_INIT: BT controller compile version [ec4ac65][0m
[0;32mI (1686) BTDM_INIT: Bluetooth MAC: d8:bc:38:fc:1d:e2[0m
[0;32mI (1686) phy_init: phy_version 4780,16b31a7,Sep 22 2023,20:42:16[0m
[0;32mI (2176) MESH_SERVER: ESP_BLE_MESH_PROV_REGISTER_COMP_EVT, err_code 0[0m
[0;32mI (2176) MESH_SERVER: ESP_BLE_MESH_NODE_SET_UNPROV_DEV_NAME_COMP_EVT, Name: ESP-SERVER MESH, err_code 0[0m
[0;32mI (2186) MESH_SERVER: BLE Mesh Node initialized![0m
[0;32mI (2186) MESH-SERVER-EXAMPLE: Task initializing..[0m
[0;32mI (2206) MESH_SERVER: ESP_BLE_MESH_NODE_PROV_ENABLE_COMP_EVT, err_code 0[0m
[0;32mI (2206) MESH-SERVER-EXAMPLE: Task initializing..[0m
[0;31mE (2236) FreeRTOS: FreeRTOS Task "Read queue dht1" should not return, Aborting now![0m

abort() was called at PC 0x40093b5f on core 0


Backtrace: 0x40081a26:0x3ffd4b80 0x40091401:0x3ffd4ba0 0x40096a82:0x3ffd4bc0 0x40093b5f:0x3ffd4c30




ELF file SHA256: a83209f2ad1e85f2

Rebooting...
ets Jul 29 2019 12:21:46

rst:0xc (SW_CPU_RESET),boot:0x13 (SPI_FAST_FLASH_BOOT)
configsip: 0, SPIWP:0xee
clk_drv:0x00,q_drv:0x00,d_drv:0x00,cs0_drv:0x00,hd_drv:0x00,wp_drv:0x00
mode:DIO, clock div:2
load:0x3fff0030,len:7080
load:0x40078000,len:15584
load:0x40080400,len:4
ho 8 tail 4 room 4
load:0x40080404,len:3876
entry 0x4008064c
[0;32mI (31) boot: ESP-IDF v5.1.2 2nd stage bootloader[0m
[0;32mI (31) boot: compile time May 18 2024 12:00:58[0m
[0;32mI (31) boot: Multicore bootloader[0m
[0;32mI (35) boot: chip revision: v3.1[0m
[0;32mI (39) boot.esp32: SPI Speed      : 40MHz[0m
[0;32mI (44) boot.esp32: SPI Mode       : DIO[0m
[0;32mI (48) boot.esp32: SPI Flash Size : 2MB[0m
[0;32mI (53) boot: Enabling RNG early entropy source...[0m
[0;32mI (58) boot: Partition Table:[0m
[0;32mI (62) boot: ## Label            Usage          Type ST Offset   Length[0m
[0;32mI (69) boot:  0 nvs              WiFi data        01 02 00009000 00006000[0m
[0;32mI (76) boot:  1 phy_init         RF data          01 01 0000f000 00001000[0m
[0;32mI (84) boot:  2 factory          factory app      00 00 00010000 00100000[0m
[0;32mI (91) boot: End of partition table[0m
[0;32mI (96) esp_image: segment 0: paddr=00010020 vaddr=3f400020 size=2bdech (179692) map[0m
[0;32mI (169) esp_image: segment 1: paddr=0003be14 vaddr=3ffbdb60 size=04204h ( 16900) load[0m
[0;32mI (176) esp_image: segment 2: paddr=00040020 vaddr=400d0020 size=a1f70h (663408) map[0m
[0;32mI (416) esp_image: segment 3: paddr=000e1f98 vaddr=3ffc1d64 size=00f54h (  3924) load[0m
[0;32mI (417) esp_image: segment 4: paddr=000e2ef4 vaddr=40080000 size=187f4h (100340) load[0m
[0;32mI (476) boot: Loaded app from partition at offset 0x10000[0m
[0;32mI (476) boot: Disabling RNG early entropy source...[0m
[0;32mI (487) cpu_start: Multicore app[0m
[0;32mI (488) cpu_start: Pro cpu up.[0m
[0;32mI (488) cpu_start: Starting app cpu, entry point is 0x4008137c[0m
[0;32mI (475) cpu_start: App cpu up.[0m
[0;32mI (506) cpu_start: Pro cpu start user code[0m
[0;32mI (506) cpu_start: cpu freq: 160000000 Hz[0m
[0;32mI (506) cpu_start: Application information:[0m
[0;32mI (511) cpu_start: Project name:     onoff_server_s3[0m
[0;32mI (516) cpu_start: App version:      a1d81d1-dirty[0m
[0;32mI (522) cpu_start: Compile time:     Jun  5 2024 11:50:27[0m
[0;32mI (528) cpu_start: ELF file SHA256:  a83209f2ad1e85f2...[0m
[0;32mI (534) cpu_start: ESP-IDF:          v5.1.2[0m
[0;32mI (539) cpu_start: Min chip rev:     v0.0[0m
[0;32mI (543) cpu_start: Max chip rev:     v3.99 [0m
[0;32mI (548) cpu_start: Chip rev:         v3.1[0m
[0;32mI (553) heap_init: Initializing. RAM available for dynamic allocation:[0m
[0;32mI (560) heap_init: At 3FFAFF10 len 000000F0 (0 KiB): DRAM[0m
[0;32mI (566) heap_init: At 3FFB6388 len 00001C78 (7 KiB): DRAM[0m
[0;32mI (572) heap_init: At 3FFB9A20 len 00004108 (16 KiB): DRAM[0m
[0;32mI (578) heap_init: At 3FFCA4A0 len 00015B60 (86 KiB): DRAM[0m
[0;32mI (584) heap_init: At 3FFE0440 len 00003AE0 (14 KiB): D/IRAM[0m
[0;32mI (591) heap_init: At 3FFE4350 len 0001BCB0 (111 KiB): D/IRAM[0m
[0;32mI (597) heap_init: At 400987F4 len 0000780C (30 KiB): IRAM[0m
[0;32mI (605) spi_flash: detected chip: generic[0m
[0;32mI (608) spi_flash: flash io: dio[0m
[0;33mW (612) spi_flash: Detected size(4096k) larger than the size in the binary image header(2048k). Using the size in the binary image header.[0m
[0;32mI (626) coexist: coex firmware version: b6d5e8c[0m
[0;32mI (631) app_start: Starting scheduler on CPU0[0m
[0;32[0;32mI (635) app_start: Starting scheduler on CPU1[0m
mI (635) main_task: Started on CPU0[0m
[0;32mI (645) main_task: Calling app_main()[0m
[0;32mI (645) MESH-SERVER-EXAMPLE: Initializing...[0m
[0;32mI (1685) BTDM_INIT: BT controller compile version [ec4ac65][0m
[0;32mI (1685) BTDM_INIT: Bluetooth MAC: d8:bc:38:fc:1d:e2[0m
[0;32mI (1685) phy_init: phy_version 4780,16b31a7,Sep 22 2023,20:42:16[0m
[0;32mI (2175) MESH_SERVER: ESP_BLE_MESH_PROV_REGISTER_COMP_EVT, err_code 0[0m
[0;32mI (2175) MESH_SERVER: ESP_BLE_MESH_NODE_SET_UNPROV_DEV_NAME_COMP_EVT, Name: ESP-SERVER MESH, err_code 0[0m
[0;32mI (2185) MESH_SERVER: BLE Mesh Node initialized![0m
[0;32mI (2185) MESH-SERVER-EXAMPLE: Task initializing..[0m
[0;32mI (2205) MESH_SERVER: ESP_BLE_MESH_NODE_PROV_ENABLE_COMP_EVT, err_code 0[0m
[0;32mI (2205) MESH-SERVER-EXAMPLE: Task initializing..[0m
[0;31mE (2215) FreeRTOS: FreeRTOS Task "Read queue dht1" should not return, Aborting now![0m

abort() was called at PC 0x40093b5f on core 1


Backtrace: 0x40081a26:0x3ffd4b80 0x40091401:0x3ffd4ba0 0x40096a82:0x3ffd4bc0 0x40093b5f:0x3ffd4c30




ELF file SHA256: a83209f2ad1e85f2

Rebooting...
ets Jul 29 2019 12:21:46

rst:0xc (SW_CPU_RESET),boot:0x13 (SPI_FAST_FLASH_BOOT)
configsip: 0, SPIWP:0xee
clk_drv:0x00,q_drv:0x00,d_drv:0x00,cs0_drv:0x00,hd_drv:0x00,wp_drv:0x00
mode:DIO, clock div:2
load:0x3fff0030,len:7080
load:0x40078000,len:15584
load:0x40080400,len:4
ho 8 tail 4 room 4
load:0x40080404,len:3876
entry 0x4008064c
[0;32mI (31) boot: ESP-IDF v5.1.2 2nd stage bootloader[0m
[0;32mI (31) boot: compile time May 18 2024 12:00:58[0m
[0;32mI (31) boot: Multicore bootloader[0m
[0;32mI (35) boot: chip revision: v3.1[0m
[0;32mI (39) boot.esp32: SPI Speed      : 40MHz[0m
[0;32mI (44) boot.esp32: SPI Mode       : DIO[0m
[0;32mI (48) boot.esp32: SPI Flash Size : 2MB[0m
[0;32mI (53) boot: Enabling RNG early entropy source...[0m
[0;32mI (58) boot: Partition Table:[0m
[0;32mI (62) boot: ## Label            Usage          Type ST Offset   Length[0m
[0;32mI (69) boot:  0 nvs              WiFi data        01 02 00009000 00006000[0m
[0;32mI (76) boot:  1 phy_init         RF data          01 01 0000f000 00001000[0m
[0;32mI (84) boot:  2 factory          factory app      00 00 00010000 00100000[0m
[0;32mI (91) boot: End of partition table[0m
[0;32mI (96) esp_image: segment 0: paddr=00010020 vaddr=3f400020 size=2bdech (179692) map[0m
[0;32mI (169) esp_image: segment 1: paddr=0003be14 vaddr=3ffbdb60 size=04204h ( 16900) load[0m
[0;32mI (176) esp_image: segment 2: paddr=00040020 vaddr=400d0020 size=a1f70h (663408) map[0m
[0;32mI (416) esp_image: segment 3: paddr=000e1f98 vaddr=3ffc1d64 size=00f54h (  3924) load[0m
[0;32mI (417) esp_image: segment 4: paddr=000e2ef4 vaddr=40080000 size=187f4h (100340) load[0m
[0;32mI (476) boot: Loaded app from partition at offset 0x10000[0m
[0;32mI (476) boot: Disabling RNG early entropy source...[0m
[0;32mI (487) cpu_start: Multicore app[0m
[0;32mI (488) cpu_start: Pro cpu up.[0m
[0;32mI (488) cpu_start: Starting app cpu, entry point is 0x4008137c[0m
[0;32mI (475) cpu_start: App cpu up.[0m
[0;32mI (506) cpu_start: Pro cpu start user code[0m
[0;32mI (506) cpu_start: cpu freq: 160000000 Hz[0m
[0;32mI (506) cpu_start: Application information:[0m
[0;32mI (511) cpu_start: Project name:     onoff_server_s3[0m
[0;32mI (516) cpu_start: App version:      a1d81d1-dirty[0m
[0;32mI (522) cpu_start: Compile time:     Jun  5 2024 11:50:27[0m
[0;32mI (528) cpu_start: ELF file SHA256:  a83209f2ad1e85f2...[0m
[0;32mI (534) cpu_start: ESP-IDF:          v5.1.2[0m
[0;32mI (539) cpu_start: Min chip rev:     v0.0[0m
[0;32mI (543) cpu_start: Max chip rev:     v3.99 [0m
[0;32mI (548) cpu_start: Chip rev:         v3.1[0m
[0;32mI (553) heap_init: Initializing. RAM available for dynamic allocation:[0m
[0;32mI (560) heap_init: At 3FFAFF10 len 000000F0 (0 KiB): DRAM[0m
[0;32mI (566) heap_init: At 3FFB6388 len 00001C78 (7 KiB): DRAM[0m
[0;32mI (572) heap_init: At 3FFB9A20 len 00004108 (16 KiB): DRAM[0m
[0;32mI (578) heap_init: At 3FFCA4A0 len 00015B60 (86 KiB): DRAM[0m
[0;32mI (584) heap_init: At 3FFE0440 len 00003AE0 (14 KiB): D/IRAM[0m
[0;32mI (591) heap_init: At 3FFE4350 len 0001BCB0 (111 KiB): D/IRAM[0m
[0;32mI (597) heap_init: At 400987F4 len 0000780C (30 KiB): IRAM[0m
[0;32mI (605) spi_flash: detected chip: generic[0m
[0;32mI (608) spi_flash: flash io: dio[0m
[0;33mW (612) spi_flash: Detected size(4096k) larger than the size in the binary image header(2048k). Using the size in the binary image header.[0m
[0;32mI (626) coexist: coex firmware version: b6d5e8c[0m
[0;32mI (631) app_start: Starting scheduler on CPU0[0m
[0;32[0;32mI (635) app_start: Starting scheduler on CPU1[0m
mI (635) main_task: Started on CPU0[0m
[0;32mI (645) main_task: Calling app_main()[0m
[0;32mI (645) MESH-SERVER-EXAMPLE: Initializing...[0m
[0;32mI (1685) BTDM_INIT: BT controller compile version [ec4ac65][0m
[0;32mI (1685) BTDM_INIT: Bluetooth MAC: d8:bc:38:fc:1d:e2[0m
[0;32mI (1685) phy_init: phy_version 4780,16b31a7,Sep 22 2023,20:42:16[0m
[0;32mI (2175) MESH_SERVER: ESP_BLE_MESH_PROV_REGISTER_COMP_EVT, err_code 0[0m
[0;32mI (2175) MESH_SERVER: ESP_BLE_MESH_NODE_SET_UNPROV_DEV_NAME_COMP_EVT, Name: ESP-SERVER MESH, err_code 0[0m
[0;32mI (2185) MESH_SERVER: BLE Mesh Node initialized![0m
[0;32mI (2185) MESH-SERVER-EXAMPLE: Task initializing..[0m
[0;32mI (2205) MESH_SERVER: ESP_BLE_MESH_NODE_PROV_ENABLE_COMP_EVT, err_code 0[0m
[0;32mI (2205) MESH-SERVER-EXAMPLE: Task initializing..[0m
[0;32mI (2225) main_task: Returned from app_main()[0m
[0;31mE (2225) FreeRTOS: FreeRTOS Task "Read queue dht1" should not return, Aborting now![0m

abort() was called at PC 0x40093b5f on core 1


Backtrace: 0x40081a26:0x3ffd4b80 0x40091401:0x3ffd4ba0 0x40096a82:0x3ffd4bc0 0x40093b5f:0x3ffd4c30




ELF file SHA256: a83209f2ad1e85f2

Rebooting...
ets Jul 29 2019 12:21:46

rst:0xc (SW_CPU_RESET),boot:0x13 (SPI_FAST_FLASH_BOOT)
configsip: 0, SPIWP:0xee
clk_drv:0x00,q_drv:0x00,d_drv:0x00,cs0_drv:0x00,hd_drv:0x00,wp_drv:0x00
mode:DIO, clock div:2
load:0x3fff0030,len:7080
load:0x40078000,len:15584
load:0x40080400,len:4
ho 8 tail 4 room 4
load:0x40080404,len:3876
entry 0x4008064c
[0;32mI (31) boot: ESP-IDF v5.1.2 2nd stage bootloader[0m
[0;32mI (31) boot: compile time May 18 2024 12:00:58[0m
[0;32mI (31) boot: Multicore bootloader[0m
[0;32mI (35) boot: chip revision: v3.1[0m
[0;32mI (39) boot.esp32: SPI Speed      : 40MHz[0m
[0;32mI (44) boot.esp32: SPI Mode       : DIO[0m
[0;32mI (48) boot.esp32: SPI Flash Size : 2MB[0m
[0;32mI (53) boot: Enabling RNG early entropy source...[0m
[0;32mI (58) boot: Partition Table:[0m
[0;32mI (62) boot: ## Label            Usage          Type ST Offset   Length[0m
[0;32mI (69) boot:  0 nvs              WiFi data        01 02 00009000 00006000[0m
[0;32mI (76) boot:  1 phy_init         RF data          01 01 0000f000 00001000[0m
[0;32mI (84) boot:  2 factory          factory app      00 00 00010000 00100000[0m
[0;32mI (91) boot: End of partition table[0m
[0;32mI (96) esp_image: segment 0: paddr=00010020 vaddr=3f400020 size=2bdech (179692) map[0m
[0;32mI (169) esp_image: segment 1: paddr=0003be14 vaddr=3ffbdb60 size=04204h ( 16900) load[0m
[0;32mI (176) esp_image: segment 2: paddr=00040020 vaddr=400d0020 size=a1f70h (663408) map[0m
[0;32mI (416) esp_image: segment 3: paddr=000e1f98 vaddr=3ffc1d64 size=00f54h (  3924) load[0m
[0;32mI (417) esp_image: segment 4: paddr=000e2ef4 vaddr=40080000 size=187f4h (100340) load[0m
[0;32mI (476) boot: Loaded app from partition at offset 0x10000[0m
[0;32mI (476) boot: Disabling RNG early entropy source...[0m
[0;32mI (487) cpu_start: Multicore app[0m
[0;32mI (488) cpu_start: Pro cpu up.[0m
[0;32mI (488) cpu_start: Starting app cpu, entry point is 0x4008137c[0m
[0;32mI (475) cpu_start: App cpu up.[0m
[0;32mI (506) cpu_start: Pro cpu start user code[0m
[0;32mI (506) cpu_start: cpu freq: 160000000 Hz[0m
[0;32mI (506) cpu_start: Application information:[0m
[0;32mI (510) cpu_start: Project name:     onoff_server_s3[0m
[0;32mI (516) cpu_start: App version:      a1d81d1-dirty[0m
[0;32mI (522) cpu_start: Compile time:     Jun  5 2024 11:50:27[0m
[0;32mI (528) cpu_start: ELF file SHA256:  a83209f2ad1e85f2...[0m
[0;32mI (534) cpu_start: ESP-IDF:          v5.1.2[0m
[0;32mI (539) cpu_start: Min chip rev:     v0.0[0m
[0;32mI (543) cpu_start: Max chip rev:     v3.99 [0m
[0;32mI (548) cpu_start: Chip rev:         v3.1[0m
[0;32mI (553) heap_init: Initializing. RAM available for dynamic allocation:[0m
[0;32mI (560) heap_init: At 3FFAFF10 len 000000F0 (0 KiB): DRAM[0m
[0;32mI (566) heap_init: At 3FFB6388 len 00001C78 (7 KiB): DRAM[0m
[0;32mI (572) heap_init: At 3FFB9A20 len 00004108 (16 KiB): DRAM[0m
[0;32mI (578) heap_init: At 3FFCA4A0 len 00015B60 (86 KiB): DRAM[0m
[0;32mI (584) heap_init: At 3FFE0440 len 00003AE0 (14 KiB): D/IRAM[0m
[0;32mI (591) heap_init: At 3FFE4350 len 0001BCB0 (111 KiB): D/IRAM[0m
[0;32mI (597) heap_init: At 400987F4 len 0000780C (30 KiB): IRAM[0m
[0;32mI (605) spi_flash: detected chip: generic[0m
[0;32mI (608) spi_flash: flash io: dio[0m
[0;33mW (612) spi_flash: Detected size(4096k) larger than the size in the binary image header(2048k). Using the size in the binary image header.[0m
[0;32mI (626) coexist: coex firmware version: b6d5e8c[0m
[0;32mI (631) app_start: Starting scheduler on CPU0[0m
[0;32[0;32mI (635) app_start: Starting scheduler on CPU1[0m
mI (635) main_task: Started on CPU0[0m
[0;32mI (645) main_task: Calling app_main()[0m
[0;32mI (645) MESH-SERVER-EXAMPLE: Initializing...[0m
[0;32mI (1685) BTDM_INIT: BT controller compile version [ec4ac65][0m
[0;32mI (1685) BTDM_INIT: Bluetooth MAC: d8:bc:38:fc:1d:e2[0m
[0;32mI (1685) phy_init: phy_version 4780,16b31a7,Sep 22 2023,20:42:16[0m
[0;32mI (2175) MESH_SERVER: ESP_BLE_MESH_PROV_REGISTER_COMP_EVT, err_code 0[0m
[0;32mI (2175) MESH_SERVER: ESP_BLE_MESH_NODE_SET_UNPROV_DEV_NAME_COMP_EVT, Name: ESP-SERVER MESH, err_code 0[0m
[0;32mI (2175) MESH_SERVER: BLE Mesh Node initialized![0m
[0;32mI (2185) MESH-SERVER-EXAMPLE: Task initializing..[0m
[0;32mI (2195) MESH_SERVER: ESP_BLE_MESH_NODE_PROV_ENABLE_COMP_EVT, err_code 0[0m
[0;32mI (2195) MESH-SERVER-EXAMPLE: Task initializing..[0m
[0;32mI (2215) main_task: Returned from app_main()[0m
[0;31mE (2215) FreeRTOS: FreeRTOS Task "Read queue dht1" should not return, Aborting now![0m

abort() was called at PC 0x40093b5f on core 1


Backtrace: 0x40081a26:0x3ffd4b80 0x40091401:0x3ffd4ba0 0x40096a82:0x3ffd4bc0 0x40093b5f:0x3ffd4c30




ELF file SHA256: a83209f2ad1e85f2

Rebooting...
ets Jul 29 2019 12:21:46

rst:0xc (SW_CPU_RESET),boot:0x13 (SPI_FAST_FLASH_BOOT)
configsip: 0, SPIWP:0xee
clk_drv:0x00,q_drv:0x00,d_drv:0x00,cs0_drv:0x00,hd_drv:0x00,wp_drv:0x00
mode:DIO, clock div:2
load:0x3fff0030,len:7080
load:0x40078000,len:15584
load:0x40080400,len:4
ho 8 tail 4 room 4
load:0x40080404,len:3876
entry 0x4008064c
[0;32mI (31) boot: ESP-IDF v5.1.2 2nd stage bootloader[0m
[0;32mI (31) boot: compile time May 18 2024 12:00:58[0m
[0;32mI (31) boot: Multicore bootloader[0m
[0;32mI (35) boot: chip revision: v3.1[0m
[0;32mI (39) boot.esp32: SPI Speed      : 40MHz[0m
[0;32mI (44) boot.esp32: SPI Mode       : DIO[0m
[0;32mI (48) boot.esp32: SPI Flash Size : 2MB[0m
[0;32mI (53) boot: Enabling RNG early entropy source...[0m
[0;32mI (58) boot: Partition Table:[0m
[0;32mI (62) boot: ## Label            Usage          Type ST Offset   Length[0m
[0;32mI (69) boot:  0 nvs              WiFi data        01 02 00009000 00006000[0m
[0;32mI (76) boot:  1 phy_init         RF data          01 01 0000f000 00001000[0m
[0;32mI (84) boot:  2 factory          factory app      00 00 00010000 00100000[0m
[0;32mI (91) boot: End of partition table[0m
[0;32mI (96) esp_image: segment 0: paddr=00010020 vaddr=3f400020 size=2bdech (179692) map[0m
[0;32mI (169) esp_image: segment 1: paddr=0003be14 vaddr=3ffbdb60 size=04204h ( 16900) load[0m
[0;32mI (176) esp_image: segment 2: paddr=00040020 vaddr=400d0020 size=a1f70h (663408) map[0m
[0;32mI (416) esp_image: segment 3: paddr=000e1f98 vaddr=3ffc1d64 size=00f54h (  3924) load[0m
[0;32mI (417) esp_image: segment 4: paddr=000e2ef4 vaddr=40080000 size=187f4h (100340) load[0m
[0;32mI (476) boot: Loaded app from partition at offset 0x10000[0m
[0;32mI (476) boot: Disabling RNG early entropy source...[0m
[0;32mI (487) cpu_start: Multicore app[0m
[0;32mI (488) cpu_start: Pro cpu up.[0m
[0;32mI (488) cpu_start: Starting app cpu, entry point is 0x4008137c[0m
[0;32mI (475) cpu_start: App cpu up.[0m
[0;32mI (506) cpu_start: Pro cpu start user code[0m
[0;32mI (506) cpu_start: cpu freq: 160000000 Hz[0m
[0;32mI (506) cpu_start: Application information:[0m
[0;32mI (510) cpu_start: Project name:     onoff_server_s3[0m
[0;32mI (516) cpu_start: App version:      a1d81d1-dirty[0m
[0;32mI (522) cpu_start: Compile time:     Jun  5 2024 11:50:27[0m
[0;32mI (528) cpu_start: ELF file SHA256:  a83209f2ad1e85f2...[0m
[0;32mI (534) cpu_start: ESP-IDF:          v5.1.2[0m
[0;32mI (539) cpu_start: Min chip rev:     v0.0[0m
[0;32mI (543) cpu_start: Max chip rev:     v3.99 [0m
[0;32mI (548) cpu_start: Chip rev:         v3.1[0m
[0;32mI (553) heap_init: Initializing. RAM available for dynamic allocation:[0m
[0;32mI (560) heap_init: At 3FFAFF10 len 000000F0 (0 KiB): DRAM[0m
[0;32mI (566) heap_init: At 3FFB6388 len 00001C78 (7 KiB): DRAM[0m
[0;32mI (572) heap_init: At 3FFB9A20 len 00004108 (16 KiB): DRAM[0m
[0;32mI (578) heap_init: At 3FFCA4A0 len 00015B60 (86 KiB): DRAM[0m
[0;32mI (584) heap_init: At 3FFE0440 len 00003AE0 (14 KiB): D/IRAM[0m
[0;32mI (591) heap_init: At 3FFE4350 len 0001BCB0 (111 KiB): D/IRAM[0m
[0;32mI (597) heap_init: At 400987F4 len 0000780C (30 KiB): IRAM[0m
[0;32mI (605) spi_flash: detected chip: generic[0m
[0;32mI (608) spi_flash: flash io: dio[0m
[0;33mW (612) spi_flash: Detected size(4096k) larger than the size in the binary image header(2048k). Using the size in the binary image header.[0m
[0;32mI (626) coexist: coex firmware version: b6d5e8c[0m
[0;32mI (631) app_start: Starting scheduler on CPU0[0m
[0;32[0;32mI (635) app_start: Starting scheduler on CPU1[0m
mI (635) main_task: Started on CPU0[0m
[0;32mI (645) main_task: Calling app_main()[0m
[0;32mI (645) MESH-SERVER-EXAMPLE: Initializing...[0m
[0;32mI (1685) BTDM_INIT: BT controller compile version [ec4ac65][0m
[0;32mI (1685) BTDM_INIT: Bluetooth MAC: d8:bc:38:fc:1d:e2[0m
[0;32mI (1685) phy_init: phy_version 4780,16b31a7,Sep 22 2023,20:42:16[0m
[0;32mI (2175) MESH_SERVER: ESP_BLE_MESH_PROV_REGISTER_COMP_EVT, err_code 0[0m
[0;32mI (2175) MESH_SERVER: ESP_BLE_MESH_NODE_SET_UNPROV_DEV_NAME_COMP_EVT, Name: ESP-SERVER MESH, err_code 0[0m
[0;32mI (2185) MESH_SERVER: BLE Mesh Node initialized![0m
[0;32mI (2185) MESH-SERVER-EXAMPLE: Task initializing..[0m
[0;32mI (2205) MESH_SERVER: ESP_BLE_MESH_NODE_PROV_ENABLE_COMP_EVT, err_code 0[0m
[0;32mI (2205) MESH-SERVER-EXAMPLE: Task initializing..[0m
[0;31mE (2235) FreeRTOS: FreeRTOS Task "Read queue dht1" should not return, Aborting now![0m

abort() was called at PC 0x40093b5f on core 0


Backtrace: 0x40081a26:0x3ffd4b80 0x40091401:0x3ffd4ba0 0x40096a82:0x3ffd4bc0 0x40093b5f:0x3ffd4c30




ELF file SHA256: a83209f2ad1e85f2

Rebooting...
ets Jul 29 2019 12:21:46

rst:0xc (SW_CPU_RESET),boot:0x13 (SPI_FAST_FLASH_BOOT)
configsip: 0, SPIWP:0xee
clk_drv:0x00,q_drv:0x00,d_drv:0x00,cs0_drv:0x00,hd_drv:0x00,wp_drv:0x00
mode:DIO, clock div:2
load:0x3fff0030,len:7080
load:0x40078000,len:15584
load:0x40080400,len:4
ho 8 tail 4 room 4
load:0x40080404,len:3876
entry 0x4008064c
[0;32mI (31) boot: ESP-IDF v5.1.2 2nd stage bootloader[0m
[0;32mI (31) boot: compile time May 18 2024 12:00:58[0m
[0;32mI (31) boot: Multicore bootloader[0m
[0;32mI (35) boot: chip revision: v3.1[0m
[0;32mI (39) boot.esp32: SPI Speed      : 40MHz[0m
[0;32mI (44) boot.esp32: SPI Mode       : DIO[0m
[0;32mI (48) boot.esp32: SPI Flash Size : 2MB[0m
[0;32mI (53) boot: Enabling RNG early entropy source...[0m
[0;32mI (58) boot: Partition Table:[0m
[0;32mI (62) boot: ## Label            Usage          Type ST Offset   Length[0m
[0;32mI (69) boot:  0 nvs              WiFi data        01 02 00009000 00006000[0m
[0;32mI (76) boot:  1 phy_init         RF data          01 01 0000f000 00001000[0m
[0;32mI (84) boot:  2 factory          factory app      00 00 00010000 00100000[0m
[0;32mI (91) boot: End of partition table[0m
