ï¿½+j5
[0;32mI (35) boot: chip revision:ï¿½ets Jul 29 2019 12:21:46

rst:0x1 (POWERON_RESET),boot:0x13 (SPI_FAST_FLASH_BOOT)
configsip: 0, SPIWP:0xee
clk_drv:0x00,q_drv:0x00,d_drv:0x00,cs0_drv:0x00,hd_drv:0x00,wp_drv:0x00
mode:DIO, clock div:2
load:0x3fff0030,len:7080
load:0x40078000,len:15584
load:0x40080400,len:4
ho 8 tail 4 room 4
load:0x40080404,len:3876
entry 0x4008064c
[0;32mI (31) boot: ESP-IDF v5.1.2 2nd stage bootloader[0m
[0;32mI (31) boot: compile time May 18 2024 12:00:58[0m
[0;32mI (31) boot: Multicore bootloader[0m
[0;32mI (35) boot: chip revision: v3.1[0m
[0;32mI (39) boot.esp32: SPI Speed      : 40MHz[0m
[0;32mI (44) boot.esp32: SPI Mode       : DIO[0m
[0;32mI (48) boot.esp32: SPI Flash Size : 2MB[0m
[0;32mI (53) boot: Enabling RNG early entropy source...[0m
[0;32mI (58) boot: Partition Table:[0m
[0;32mI (62) boot: ## Label            Usage          Type ST Offset   Length[0m
[0;32mI (69) boot:  0 nvs              WiFi data        01 02 00009000 00006000[0m
[0;32mI (77) boot:  1 phy_init         RF data          01 01 0000f000 00001000[0m
[0;32mI (84) boot:  2 factory          factory app      00 00 00010000 00100000[0m
[0;32mI (92) boot: End of partition table[0m
[0;32mI (96) esp_image: segment 0: paddr=00010020 vaddr=3f400020 size=2be24h (179748) map[0m
[0;32mI (169) esp_image: segment 1: paddr=0003be4c vaddr=3ffbdb60 size=041cch ( 16844) load[0m
[0;32mI (176) esp_image: segment 2: paddr=00040020 vaddr=400d0020 size=a1fb4h (663476) map[0m
[0;32mI (416) esp_image: segment 3: paddr=000e1fdc vaddr=3ffc1d2c size=00f8ch (  3980) load[0m
[0;32mI (418) esp_image: segment 4: paddr=000e2f70 vaddr=40080000 size=187f4h (100340) load[0m
[0;32mI (476) boot: Loaded app from partition at offset 0x10000[0m
[0;32mI (476) boot: Disabling RNG early entropy source...[0m
[0;32mI (487) cpu_start: Multicore app[0m
[0;32mI (488) cpu_start: Pro cpu up.[0m
[0;32mI (488) cpu_start: Starting app cpu, entry point is 0x4008137c[0m
[0;32mI (0) cpu_start: App cpu up.[0m
[0;32mI (506) cpu_start: Pro cpu start user code[0m
[0;32mI (506) cpu_start: cpu freq: 160000000 Hz[0m
[0;32mI (506) cpu_start: Application information:[0m
[0;32mI (510) cpu_start: Project name:     onoff_server_s3[0m
[0;32mI (516) cpu_start: App version:      a1d81d1-dirty[0m
[0;32mI (522) cpu_start: Compile time:     Jun  5 2024 11:50:27[0m
[0;32mI (528) cpu_start: ELF file SHA256:  0edf5e1542c318f4...[0m
[0;32mI (534) cpu_start: ESP-IDF:          v5.1.2[0m
[0;32mI (538) cpu_start: Min chip rev:     v0.0[0m
[0;32mI (543) cpu_start: Max chip rev:     v3.99 [0m
[0;32mI (548) cpu_start: Chip rev:         v3.1[0m
[0;32mI (553) heap_init: Initializing. RAM available for dynamic allocation:[0m
[0;32mI (560) heap_init: At 3FFAFF10 len 000000F0 (0 KiB): DRAM[0m
[0;32mI (566) heap_init: At 3FFB6388 len 00001C78 (7 KiB): DRAM[0m
[0;32mI (572) heap_init: At 3FFB9A20 len 00004108 (16 KiB): DRAM[0m
[0;32mI (578) heap_init: At 3FFCA4A0 len 00015B60 (86 KiB): DRAM[0m
[0;32mI (584) heap_init: At 3FFE0440 len 00003AE0 (14 KiB): D/IRAM[0m
[0;32mI (591) heap_init: At 3FFE4350 len 0001BCB0 (111 KiB): D/IRAM[0m
[0;32mI (597) heap_init: At 400987F4 len 0000780C (30 KiB): IRAM[0m
[0;32mI (605) spi_flash: detected chip: generic[0m
[0;32mI (608) spi_flash: flash io: dio[0m
[0;33mW (612) spi_flash: Detected size(4096k) larger than the size in the binary image header(2048k). Using the size in the binary image header.[0m
[0;32mI (626) coexist: coex firmware version: b6d5e8c[0m
[0;32mI (631) app_start: Starting scheduler on CPU0[0m
[0;32[0;32mI (635) app_start: Starting scheduler on CPU1[0m
mI (635) main_task: Started on CPU0[0m
[0;32mI (645) main_task: Calling app_main()[0m
[0;32mI (645) MESH-SERVER-EXAMPLE: Initializing...[0m
[0;32mI (1685) BTDM_INIT: BT controller compile version [ec4ac65][0m
[0;32mI (1685) BTDM_INIT: Bluetooth MAC: d8:bc:38:fc:1d:e2[0m
[0;32mI (1685) phy_init: phy_version 4780,16b31a7,Sep 22 2023,20:42:16[0m
[0;32mI (2175) MESH_SERVER: ESP_BLE_MESH_PROV_REGISTER_COMP_EVT, err_code 0[0m
[0;32mI (2175) MESH_SERVER: ESP_BLE_MESH_NODE_SET_UNPROV_DEV_NAME_COMP_EVT, Name: ESP-SERVER MESH, err_code 0[0m
[0;32mI (2185) MESH_SERVER: BLE Mesh Node initialized![0m
[0;32mI (2195) MESH-SERVER-EXAMPLE: Task initializing..[0m
[0;32mI (2205) MESH_SERVER: ESP_BLE_MESH_NODE_PROV_ENABLE_COMP_EVT, err_code 0[0m
[0;32mI (2205) MESH-SERVER-EXAMPLE: Task initializing..[0m
Tem: 26.000000 
Hum:49.000000[0;32mI (2235) main_task: Returned from app_main()[0m
[0;32mI (3235) MESH-SERVER-EXAMPLE: Task initializing..[0m
Tem: 26.000000 
Hum:49.000000[0;32mI (4235) MESH-SERVER-EXAMPLE: Task initializing..[0m
Tem: -1.000000 
Hum:-1.000000[0;32mI (5255) MESH-SERVER-EXAMPLE: Task initializing..[0m
Tem: -1.000000 
Hum:-1.000000[0;32mI (6255) MESH-SERVER-EXAMPLE: Task initializing..[0m
Tem: -1.000000 
Hum:-1.000000[0;32mI (7275) MESH-SERVER-EXAMPLE: Task initializing..[0m
Tem: -1.000000 
Hum:-1.000000[0;32mI (29125) MESH_SERVER: ESP_BLE_MESH_NODE_PROV_LINK_OPEN_EVT, bearer PB-GATT[0m
[0;33mW (33195) BLE_MESH: No Health Server context provided[0m
[0;33mW (34325) BLE_MESH: No Health Server context provided[0m
[0;32mI (34345) MESH_SERVER: ESP_BLE_MESH_NODE_PROV_LINK_CLOSE_EVT, bearer PB-GATT[0m
[0;32mI (34345) MESH_SERVER: ESP_BLE_MESH_NODE_PROV_COMPLETE_EVT[0m
[0;32mI (34355) MESH_SERVER: net_idx: 0x0000, addr: 0x002a[0m
[0;32mI (34355) MESH_SERVER: flags: 0x00, iv_index: 0x00000000[0m
[0;32mI (34365) MESH_SERVER: Device provisioned[0m
[0;33mW (35485) BT_HCI: hcif disc complete: hdl 0x0, rsn 0x13[0m
[0;33mW (41195) BLE_MESH: No matching TX context for ack[0m
[0;32mI (44665) MESH_SERVER: ESP_BLE_MESH_MODEL_OP_APP_KEY_ADD[0m
[0;32mI (44665) MESH_SERVER: net_idx 0x0000, app_idx 0x0000[0m
[0;32mI (44665) AppKey: 36 09 b9 aa fb 09 83 59 68 5c 85 5d 8b c7 f5 99 [0m
[0;32mI (51335) MESH_SERVER: ESP_BLE_MESH_MODEL_OP_MODEL_APP_BIND[0m
[0;32mI (51335) MESH_SERVER: elem_addr 0x002a, app_idx 0x0000, cid 0x02e5, mod_id 0x001414[0m
[0;32mI (51345) MESH_SERVER: Application key bound to model 0x001414[0m
[0;32mI (54745) MESH_SERVER: ESP_BLE_MESH_MODEL_OP_MODEL_SUB_ADD[0m
[0;32mI (54755) MESH_SERVER: elem_addr 0x002a, sub_addr 0xc000, cid 0x02e5, mod_id 0x1414[0m
[0;32mI (54755) MESH_SERVER: Model 0x001414 subscribed to Group 0xc000 ![0m
[0;33mW (56725) MESH_SERVER: OP_GET -- Opcode 0xc002e5  -- empty message[0m
[0;32mI (56725) MESH_SERVER:     Temperature: 26.000000[0m
[0;32mI (56725) MESH_SERVER:     Humidity     49.000000[0m
[0;32mI (56745) MESH_SERVER: ble_mesh_custom_sensor_server_model_cb -- SEND_COMPLETE -- Send message opcode 0x00c202e5 success[0m
[0;32mI (57725) MESH-SERVER-EXAMPLE: Task initializing..[0m
Tem: 26.000000 
Hum:48.000000[0;33mW (62765) MESH_SERVER: OP_GET -- Opcode 0xc002e5  -- empty message[0m
[0;32mI (62765) MESH_SERVER:     Temperature: 26.000000[0m
[0;32mI (62765) MESH_SERVER:     Humidity     49.000000[0m
[0;32mI (62785) MESH_SERVER: ble_mesh_custom_sensor_server_model_cb -- SEND_COMPLETE -- Send message opcode 0x00c202e5 success[0m
[0;32mI (63765) MESH-SERVER-EXAMPLE: Task initializing..[0m
Tem: -1.000000 
Hum:-1.000000[0;33mW (68725) MESH_SERVER: OP_GET -- Opcode 0xc002e5  -- empty message[0m
[0;32mI (68725) MESH_SERVER:     Temperature: -1.000000[0m
[0;32mI (68725) MESH_SERVER:     Humidity     -1.000000[0m
[0;32mI (68745) MESH_SERVER: ble_mesh_custom_sensor_server_model_cb -- SEND_COMPLETE -- Send message opcode 0x00c202e5 success[0m
[0;32mI (69725) MESH-SERVER-EXAMPLE: Task initializing..[0m
Tem: -1.000000 
Hum:-1.000000[0;33mW (74725) MESH_SERVER: OP_GET -- Opcode 0xc002e5  -- empty message[0m
[0;32mI (74725) MESH_SERVER:     Temperature: -1.000000[0m
[0;32mI (74725) MESH_SERVER:     Humidity     -1.000000[0m
[0;32mI (74745) MESH_SERVER: ble_mesh_custom_sensor_server_model_cb -- SEND_COMPLETE -- Send message opcode 0x00c202e5 success[0m
[0;32mI (75725) MESH-SERVER-EXAMPLE: Task initializing..[0m
Tem: -1.000000 
Hum:-1.000000[0;33mW (80785) MESH_SERVER: OP_GET -- Opcode 0xc002e5  -- empty message[0m
[0;32mI (80785) MESH_SERVER:     Temperature: -1.000000[0m
[0;32mI (80785) MESH_SERVER:     Humidity     -1.000000[0m
[0;32mI (80805) MESH_SERVER: ble_mesh_custom_sensor_server_model_cb -- SEND_COMPLETE -- Send message opcode 0x00c202e5 success[0m
[0;32mI (81785) MESH-SERVER-EXAMPLE: Task initializing..[0m
Tem: 26.000000 
Hum:49.000000[0;33mW (86745) MESH_SERVER: OP_GET -- Opcode 0xc002e5  -- empty message[0m
[0;32mI (86745) MESH_SERVER:     Temperature: -1.000000[0m
[0;32mI (86745) MESH_SERVER:     Humidity     -1.000000[0m
[0;32mI (86765) MESH_SERVER: ble_mesh_custom_sensor_server_model_cb -- SEND_COMPLETE -- Send message opcode 0x00c202e5 success[0m
[0;32mI (87745) MESH-SERVER-EXAMPLE: Task initializing..[0m
Tem: 26.000000 
Hum:49.000000[0;33mW (92745) MESH_SERVER: OP_GET -- Opcode 0xc002e5  -- empty message[0m
[0;32mI (92745) MESH_SERVER:     Temperature: 26.000000[0m
[0;32mI (92745) MESH_SERVER:     Humidity     48.000000[0m
[0;32mI (92765) MESH_SERVER: ble_mesh_custom_sensor_server_model_cb -- SEND_COMPLETE -- Send message opcode 0x00c202e5 success[0m
[0;32mI (93745) MESH-SERVER-EXAMPLE: Task initializing..[0m
Tem: 26.000000 
Hum:50.000000[0;33mW (98725) MESH_SERVER: OP_GET -- Opcode 0xc002e5  -- empty message[0m
[0;32mI (98725) MESH_SERVER:     Temperature: -1.000000[0m
[0;32mI (98725) MESH_SERVER:     Humidity     -1.000000[0m
[0;32mI (98745) MESH_SERVER: ble_mesh_custom_sensor_server_model_cb -- SEND_COMPLETE -- Send message opcode 0x00c202e5 success[0m
[0;32mI (99725) MESH-SERVER-EXAMPLE: Task initializing..[0m
Tem: 26.000000 
Hum:50.000000[0;33mW (104725) MESH_SERVER: OP_GET -- Opcode 0xc002e5  -- empty message[0m
[0;32mI (104725) MESH_SERVER:     Temperature: -1.000000[0m
[0;32mI (104735) MESH_SERVER:     Humidity     -1.000000[0m
[0;32mI (104745) MESH_SERVER: ble_mesh_custom_sensor_server_model_cb -- SEND_COMPLETE -- Send message opcode 0x00c202e5 success[0m
[0;32mI (105725) MESH-SERVER-EXAMPLE: Task initializing..[0m
Tem: 26.000000 
Hum:49.000000[0;33mW (110725) MESH_SERVER: OP_GET -- Opcode 0xc002e5  -- empty message[0m
[0;32mI (110735) MESH_SERVER:     Temperature: -1.000000[0m
[0;32mI (110735) MESH_SERVER:     Humidity     -1.000000[0m
[0;32mI (110755) MESH_SERVER: ble_mesh_custom_sensor_server_model_cb -- SEND_COMPLETE -- Send message opcode 0x00c202e5 success[0m
[0;32mI (111735) MESH-SERVER-EXAMPLE: Task initializing..[0m
Tem: -1.000000 
Hum:-1.000000[0;33mW (116725) MESH_SERVER: OP_GET -- Opcode 0xc002e5  -- empty message[0m
[0;32mI (116725) MESH_SERVER:     Temperature: 26.000000[0m
[0;32mI (116725) MESH_SERVER:     Humidity     49.000000[0m
[0;32mI (116745) MESH_SERVER: ble_mesh_custom_sensor_server_model_cb -- SEND_COMPLETE -- Send message opcode 0x00c202e5 success[0m
[0;32mI (117725) MESH-SERVER-EXAMPLE: Task initializing..[0m
Tem: 26.000000 
Hum:49.000000[0;33mW (122775) MESH_SERVER: OP_GET -- Opcode 0xc002e5  -- empty message[0m
[0;32mI (122775) MESH_SERVER:     Temperature: 26.000000[0m
[0;32mI (122775) MESH_SERVER:     Humidity     49.000000[0m
[0;32mI (122795) MESH_SERVER: ble_mesh_custom_sensor_server_model_cb -- SEND_COMPLETE -- Send message opcode 0x00c202e5 success[0m
[0;32mI (123775) MESH-SERVER-EXAMPLE: Task initializing..[0m
Tem: -1.000000 
